Archive member included because of file (symbol)

c:/freescale/kds_3.0.0/toolchain/bin/../lib/gcc/arm-none-eabi/4.8.4/armv6-m\libgcc.a(_udivsi3.o)
                              ./Sources/gps.o (__aeabi_uidiv)
c:/freescale/kds_3.0.0/toolchain/bin/../lib/gcc/arm-none-eabi/4.8.4/armv6-m\libgcc.a(_dvmd_tls.o)
                              c:/freescale/kds_3.0.0/toolchain/bin/../lib/gcc/arm-none-eabi/4.8.4/armv6-m\libgcc.a(_udivsi3.o) (__aeabi_idiv0)
c:/freescale/kds_3.0.0/toolchain/bin/../lib/gcc/arm-none-eabi/4.8.4/armv6-m\libgcc.a(_aeabi_uldivmod.o)
                              ./Generated_Code/osa1.o (__aeabi_uldivmod)
c:/freescale/kds_3.0.0/toolchain/bin/../lib/gcc/arm-none-eabi/4.8.4/armv6-m\libgcc.a(_muldi3.o)
                              ./Generated_Code/osa1.o (__aeabi_lmul)
c:/freescale/kds_3.0.0/toolchain/bin/../lib/gcc/arm-none-eabi/4.8.4/armv6-m\libgcc.a(bpabi.o)
                              c:/freescale/kds_3.0.0/toolchain/bin/../lib/gcc/arm-none-eabi/4.8.4/armv6-m\libgcc.a(_aeabi_uldivmod.o) (__gnu_uldivmod_helper)
c:/freescale/kds_3.0.0/toolchain/bin/../lib/gcc/arm-none-eabi/4.8.4/armv6-m\libgcc.a(_divdi3.o)
                              c:/freescale/kds_3.0.0/toolchain/bin/../lib/gcc/arm-none-eabi/4.8.4/armv6-m\libgcc.a(bpabi.o) (__divdi3)
c:/freescale/kds_3.0.0/toolchain/bin/../lib/gcc/arm-none-eabi/4.8.4/armv6-m\libgcc.a(_udivdi3.o)
                              c:/freescale/kds_3.0.0/toolchain/bin/../lib/gcc/arm-none-eabi/4.8.4/armv6-m\libgcc.a(bpabi.o) (__udivdi3)
c:/freescale/kds_3.0.0/toolchain/bin/../lib/gcc/arm-none-eabi/4.8.4/armv6-m\libgcc.a(_clzsi2.o)
                              c:/freescale/kds_3.0.0/toolchain/bin/../lib/gcc/arm-none-eabi/4.8.4/armv6-m\libgcc.a(_divdi3.o) (__clzsi2)
c:/freescale/kds_3.0.0/toolchain/bin/../lib/gcc/arm-none-eabi/4.8.4/../../../../arm-none-eabi/lib/armv6-m\libg_s.a(lib_a-assert.o)
                              ./Sources/gpio.o (__assert_func)
c:/freescale/kds_3.0.0/toolchain/bin/../lib/gcc/arm-none-eabi/4.8.4/../../../../arm-none-eabi/lib/armv6-m\libg_s.a(lib_a-calloc.o)
                              ./SDK/platform/osa/src/fsl_os_abstraction_bm.o (calloc)
c:/freescale/kds_3.0.0/toolchain/bin/../lib/gcc/arm-none-eabi/4.8.4/../../../../arm-none-eabi/lib/armv6-m\libg_s.a(lib_a-exit.o)
                              c:/freescale/kds_3.0.0/toolchain/bin/../lib/gcc/arm-none-eabi/4.8.4/../../../../arm-none-eabi/lib/armv6-m/crt0.o (exit)
c:/freescale/kds_3.0.0/toolchain/bin/../lib/gcc/arm-none-eabi/4.8.4/../../../../arm-none-eabi/lib/armv6-m\libg_s.a(lib_a-fprintf.o)
                              c:/freescale/kds_3.0.0/toolchain/bin/../lib/gcc/arm-none-eabi/4.8.4/../../../../arm-none-eabi/lib/armv6-m\libg_s.a(lib_a-assert.o) (fiprintf)
c:/freescale/kds_3.0.0/toolchain/bin/../lib/gcc/arm-none-eabi/4.8.4/../../../../arm-none-eabi/lib/armv6-m\libg_s.a(lib_a-impure.o)
                              c:/freescale/kds_3.0.0/toolchain/bin/../lib/gcc/arm-none-eabi/4.8.4/../../../../arm-none-eabi/lib/armv6-m\libg_s.a(lib_a-exit.o) (_global_impure_ptr)
c:/freescale/kds_3.0.0/toolchain/bin/../lib/gcc/arm-none-eabi/4.8.4/../../../../arm-none-eabi/lib/armv6-m\libg_s.a(lib_a-init.o)
                              c:/freescale/kds_3.0.0/toolchain/bin/../lib/gcc/arm-none-eabi/4.8.4/../../../../arm-none-eabi/lib/armv6-m/crt0.o (__libc_init_array)
c:/freescale/kds_3.0.0/toolchain/bin/../lib/gcc/arm-none-eabi/4.8.4/../../../../arm-none-eabi/lib/armv6-m\libg_s.a(lib_a-malloc.o)
                              ./SDK/platform/osa/src/fsl_os_abstraction_bm.o (malloc)
c:/freescale/kds_3.0.0/toolchain/bin/../lib/gcc/arm-none-eabi/4.8.4/../../../../arm-none-eabi/lib/armv6-m\libg_s.a(lib_a-memset.o)
                              c:/freescale/kds_3.0.0/toolchain/bin/../lib/gcc/arm-none-eabi/4.8.4/../../../../arm-none-eabi/lib/armv6-m/crt0.o (memset)
c:/freescale/kds_3.0.0/toolchain/bin/../lib/gcc/arm-none-eabi/4.8.4/../../../../arm-none-eabi/lib/armv6-m\libg_s.a(lib_a-nano-callocr.o)
                              c:/freescale/kds_3.0.0/toolchain/bin/../lib/gcc/arm-none-eabi/4.8.4/../../../../arm-none-eabi/lib/armv6-m\libg_s.a(lib_a-calloc.o) (_calloc_r)
c:/freescale/kds_3.0.0/toolchain/bin/../lib/gcc/arm-none-eabi/4.8.4/../../../../arm-none-eabi/lib/armv6-m\libg_s.a(lib_a-nano-freer.o)
                              c:/freescale/kds_3.0.0/toolchain/bin/../lib/gcc/arm-none-eabi/4.8.4/../../../../arm-none-eabi/lib/armv6-m\libg_s.a(lib_a-malloc.o) (_free_r)
c:/freescale/kds_3.0.0/toolchain/bin/../lib/gcc/arm-none-eabi/4.8.4/../../../../arm-none-eabi/lib/armv6-m\libg_s.a(lib_a-nano-mallocr.o)
                              c:/freescale/kds_3.0.0/toolchain/bin/../lib/gcc/arm-none-eabi/4.8.4/../../../../arm-none-eabi/lib/armv6-m\libg_s.a(lib_a-malloc.o) (_malloc_r)
c:/freescale/kds_3.0.0/toolchain/bin/../lib/gcc/arm-none-eabi/4.8.4/../../../../arm-none-eabi/lib/armv6-m\libg_s.a(lib_a-sbrkr.o)
[...]
Memory Configuration

Name             Origin             Length             Attributes
m_interrupts     0x00000000         0x00000200         xr
m_flash_config   0x00000400         0x00000010         xr
m_interrupts_ram 0x1ffffc00         0x00000200         rw
m_text           0x00000410         0x00007bf0         xr
m_data           0x1ffffe00         0x00000e00         rw
*default*        0x00000000         0xffffffff

Linker script and memory map

LOAD c:/freescale/kds_3.0.0/toolchain/bin/../lib/gcc/arm-none-eabi/4.8.4/armv6-m/crti.o
LOAD c:/freescale/kds_3.0.0/toolchain/bin/../lib/gcc/arm-none-eabi/4.8.4/armv6-m/crtbegin.o
LOAD c:/freescale/kds_3.0.0/toolchain/bin/../lib/gcc/arm-none-eabi/4.8.4/../../../../arm-none-eabi/lib/armv6-m/crt0.o
LOAD ./Static_Code/System/PE_low_level_init.o
LOAD ./Sources/Events.o
LOAD ./Sources/delay.o
LOAD ./Sources/gpio.o
LOAD ./Sources/gps.o
LOAD ./Sources/i2c.o
LOAD ./Sources/main.o
LOAD ./Sources/uart.o
LOAD ./SDK/platform/system/src/interrupt/fsl_interrupt_manager.o
LOAD ./SDK/platform/system/src/clock/MKL02Z4/fsl_clock_MKL02Z4.o
LOAD ./SDK/platform/system/src/clock/fsl_clock_manager.o
LOAD ./SDK/platform/system/src/clock/fsl_clock_manager_common.o
LOAD ./SDK/platform/osa/src/fsl_os_abstraction_bm.o
LOAD ./SDK/platform/hal/src/sim/MKL02Z4/fsl_sim_hal_MKL02Z4.o
LOAD ./SDK/platform/hal/src/port/fsl_port_hal.o
LOAD ./SDK/platform/hal/src/osc/fsl_osc_hal.o
LOAD ./SDK/platform/hal/src/mcg/fsl_mcg_hal.o
LOAD ./SDK/platform/hal/src/mcg/fsl_mcg_hal_modes.o
LOAD ./SDK/platform/hal/src/lpsci/fsl_lpsci_hal.o
LOAD ./SDK/platform/hal/src/i2c/fsl_i2c_hal.o
LOAD ./SDK/platform/hal/src/gpio/fsl_gpio_hal.o
LOAD ./SDK/platform/drivers/src/i2c/fsl_i2c_common.o
LOAD ./SDK/platform/drivers/src/i2c/fsl_i2c_master_driver.o
LOAD ./SDK/platform/drivers/src/i2c/fsl_i2c_shared_function.o
LOAD ./SDK/platform/drivers/src/i2c/fsl_i2c_slave_driver.o
LOAD ./SDK/platform/devices/MKL02Z4/startup/gcc/startup_MKL02Z4.o
LOAD ./SDK/platform/devices/MKL02Z4/startup/system_MKL02Z4.o
LOAD ./SDK/platform/devices/startup.o
LOAD ./Generated_Code/Cpu.o
LOAD ./Generated_Code/clockMan1.o
LOAD ./Generated_Code/hardware_init.o
LOAD ./Generated_Code/i2cCom1.o
LOAD ./Generated_Code/osa1.o
LOAD ./Generated_Code/pin_mux.o
LOAD c:/freescale/kds_3.0.0/toolchain/bin/../lib/gcc/arm-none-eabi/4.8.4/../../../../arm-none-eabi/lib/armv6-m\libstdc++_s.a
LOAD c:/freescale/kds_3.0.0/toolchain/bin/../lib/gcc/arm-none-eabi/4.8.4/../../../../arm-none-eabi/lib/armv6-m\libm.a
START GROUP
LOAD c:/freescale/kds_3.0.0/toolchain/bin/../lib/gcc/arm-none-eabi/4.8.4/armv6-m\libgcc.a
LOAD c:/freescale/kds_3.0.0/toolchain/bin/../lib/gcc/arm-none-eabi/4.8.4/../../../../arm-none-eabi/lib/armv6-m\libg_s.a
LOAD c:/freescale/kds_3.0.0/toolchain/bin/../lib/gcc/arm-none-eabi/4.8.4/../../../../arm-none-eabi/lib/armv6-m\libc_s.a
END GROUP
START GROUP
LOAD c:/freescale/kds_3.0.0/toolchain/bin/../lib/gcc/arm-none-eabi/4.8.4/armv6-m\libgcc.a
LOAD c:/freescale/kds_3.0.0/toolchain/bin/../lib/gcc/arm-none-eabi/4.8.4/../../../../arm-none-eabi/lib/armv6-m\libc_s.a
LOAD c:/freescale/kds_3.0.0/toolchain/bin/../lib/gcc/arm-none-eabi/4.8.4/../../../../arm-none-eabi/lib/armv6-m\libnosys.a
END GROUP
START GROUP
LOAD c:/freescale/kds_3.0.0/toolchain/bin/../lib/gcc/arm-none-eabi/4.8.4/armv6-m\libgcc.a
LOAD c:/freescale/kds_3.0.0/toolchain/bin/../lib/gcc/arm-none-eabi/4.8.4/../../../../arm-none-eabi/lib/armv6-m\libc_s.a
LOAD c:/freescale/kds_3.0.0/toolchain/bin/../lib/gcc/arm-none-eabi/4.8.4/../../../../arm-none-eabi/lib/armv6-m\libnosys.a
END GROUP
LOAD c:/freescale/kds_3.0.0/toolchain/bin/../lib/gcc/arm-none-eabi/4.8.4/armv6-m/crtend.o
LOAD c:/freescale/kds_3.0.0/toolchain/bin/../lib/gcc/arm-none-eabi/4.8.4/armv6-m/crtn.o
                0x00000000                HEAP_SIZE = DEFINED (__heap_size__)?__heap_size__:0x0
                0x00000100                STACK_SIZE = DEFINED (__stack_size__)?__stack_size__:0x100

.interrupts     0x00000000       0xc0
                0x00000000                __VECTOR_TABLE = .
                0x00000000                . = ALIGN (0x4)
 *(.isr_vector)
 .isr_vector    0x00000000       0xc0 ./SDK/platform/devices/MKL02Z4/startup/gcc/startup_MKL02Z4.o
                0x00000000                __isr_vector
                0x000000c0                . = ALIGN (0x4)
                0x1ffffc00                __VECTOR_RAM = ORIGIN (m_interrupts_ram)

.flash_config   0x00000400       0x10
                0x00000400                . = ALIGN (0x4)
 *(.FlashConfig)
 .FlashConfig   0x00000400       0x10 ./SDK/platform/devices/MKL02Z4/startup/gcc/startup_MKL02Z4.o
                0x00000410                . = ALIGN (0x4)

.text           0x00000410     0x5420
                0x00000410                . = ALIGN (0x4)
 *(.text)
 .text          0x00000410       0x60 c:/freescale/kds_3.0.0/toolchain/bin/../lib/gcc/arm-none-eabi/4.8.4/armv6-m/crtbegin.o
 .text          0x00000470       0x78 c:/freescale/kds_3.0.0/toolchain/bin/../lib/gcc/arm-none-eabi/4.8.4/../../../../arm-none-eabi/lib/armv6-m/crt0.o
                0x00000470                _start
                0x00000470                _mainCRTStartup
 .text          0x000004e8       0x18 ./SDK/platform/devices/MKL02Z4/startup/gcc/startup_MKL02Z4.o
                0x000004e8                Reset_Handler
                0x000004f8                Reserved16_IRQHandler
                0x000004f8                HardFault_Handler
                0x000004f8                PendSV_Handler
                0x000004f8                NMI_Handler
                0x000004f8                I2C1_IRQHandler
                0x000004f8                Reserved19_IRQHandler
                0x000004f8                Reserved29_IRQHandler
                0x000004f8                TPM0_IRQHandler
                0x000004f8                UART0_IRQHandler
                0x000004f8                Reserved42_IRQHandler
                0x000004f8                Reserved36_IRQHandler
                0x000004f8                ADC0_IRQHandler
                0x000004f8                Reserved39_IRQHandler
                0x000004f8                DefaultISR
                0x000004f8                PORTB_IRQHandler
                0x000004f8                Reserved18_IRQHandler
                0x000004f8                Reserved27_IRQHandler
                0x000004f8                MCG_IRQHandler
                0x000004f8                Reserved35_IRQHandler
                0x000004f8                Reserved20_IRQHandler
                0x000004f8                Reserved37_IRQHandler
                0x000004f8                Reserved17_IRQHandler
                0x000004f8                Reserved41_IRQHandler
                0x000004f8                SVC_Handler
                0x000004f8                Reserved23_IRQHandler
                0x000004f8                Reserved45_IRQHandler
                0x000004f8                Reserved30_IRQHandler
                0x000004f8                TPM1_IRQHandler
                0x000004f8                LVD_LVW_IRQHandler
                0x000004f8                SPI0_IRQHandler
                0x000004f8                PORTA_IRQHandler
                0x000004f8                FTFA_IRQHandler
                0x000004f8                Reserved40_IRQHandler
                0x000004f8                Reserved38_IRQHandler
                0x000004f8                LPTMR0_IRQHandler
                0x000004f8                CMP0_IRQHandler
 .text          0x00000500       0x9c c:/freescale/kds_3.0.0/toolchain/bin/../lib/gcc/arm-none-eabi/4.8.4/armv6-m\libgcc.a(_udivsi3.o)
                0x00000500                __aeabi_uidiv
                0x00000500                __udivsi3
                0x00000588                __aeabi_uidivmod
 .text          0x0000059c        0x4 c:/freescale/kds_3.0.0/toolchain/bin/../lib/gcc/arm-none-eabi/4.8.4/armv6-m\libgcc.a(_dvmd_tls.o)
                0x0000059c                __aeabi_idiv0
                0x0000059c                __aeabi_ldiv0
 .text          0x000005a0       0x40 c:/freescale/kds_3.0.0/toolchain/bin/../lib/gcc/arm-none-eabi/4.8.4/armv6-m\libgcc.a(_aeabi_uldivmod.o)
                0x000005a0                __aeabi_uldivmod
 .text          0x000005e0       0x44 c:/freescale/kds_3.0.0/toolchain/bin/../lib/gcc/arm-none-eabi/4.8.4/armv6-m\libgcc.a(_muldi3.o)
                0x000005e0                __muldi3
                0x000005e0                __aeabi_lmul
 .text          0x00000624       0x6c c:/freescale/kds_3.0.0/toolchain/bin/../lib/gcc/arm-none-eabi/4.8.4/armv6-m\libgcc.a(bpabi.o)
                0x00000624                __gnu_ldivmod_helper
                0x0000065c                __gnu_uldivmod_helper
 .text          0x00000690      0x3b8 c:/freescale/kds_3.0.0/toolchain/bin/../lib/gcc/arm-none-eabi/4.8.4/armv6-m\libgcc.a(_divdi3.o)
                0x00000690                __divdi3
 .text          0x00000a48      0x384 c:/freescale/kds_3.0.0/toolchain/bin/../lib/gcc/arm-none-eabi/4.8.4/armv6-m\libgcc.a(_udivdi3.o)
                0x00000a48                __udivdi3
 .text          0x00000dcc       0x3c c:/freescale/kds_3.0.0/toolchain/bin/../lib/gcc/arm-none-eabi/4.8.4/armv6-m\libgcc.a(_clzsi2.o)
                0x00000dcc                __clzsi2
 *(.text*)
 .text.PEX_components_init
                0x00000e08        0xc ./Static_Code/System/PE_low_level_init.o
                0x00000e08                PEX_components_init
 .text.PE_low_level_init
                0x00000e14       0x14 ./Static_Code/System/PE_low_level_init.o
                0x00000e14                PE_low_level_init
 .text.I2C0_IRQHandler
                0x00000e28       0x10 ./Sources/Events.o
                0x00000e28                I2C0_IRQHandler
 .text.delay_ms
                0x00000e38       0x18 ./Sources/delay.o
                0x00000e38                delay_ms
 .text.GPIO_HAL_SetPinOutput
                0x00000e50       0x3c ./Sources/gpio.o
 .text.gpio_init
                0x00000e8c       0x84 ./Sources/gpio.o
                0x00000e8c                gpio_init
 .text.gps_sate_data_init
                0x00000f10       0x54 ./Sources/gps.o
                0x00000f10                gps_sate_data_init
 .text.gps_recive_ok
                0x00000f64       0x24 ./Sources/gps.o
                0x00000f64                gps_recive_ok
 .text.gps_data_convert
                0x00000f88      0x1d4 ./Sources/gps.o
                0x00000f88                gps_data_convert
 .text.ParserGPGGA
                0x0000115c       0x8c ./Sources/gps.o
 .text.ParserGPRMC
                0x000011e8      0x1f0 ./Sources/gps.o
 .text.ParserGPGSA
                0x000013d8      0x118 ./Sources/gps.o
 .text.ParserGPGSV
                0x000014f0      0x16c ./Sources/gps.o
 .text.gps_parser
                0x0000165c      0x15c ./Sources/gps.o
                0x0000165c                gps_parser
 .text.PORT_HAL_SetMuxMode
                0x000017b8       0x4c ./Sources/i2c.o
 .text.i2c_data_copy
                0x00001804       0x54 ./Sources/i2c.o
 .text.i2c_slave_callback
                0x00001858      0x338 ./Sources/i2c.o
                0x00001858                i2c_slave_callback
 .text.i2c_init
                0x00001b90       0x80 ./Sources/i2c.o
                0x00001b90                i2c_init
 .text.PORT_HAL_SetMuxMode
                0x00001c10       0x4c ./Sources/main.o
 .text.GPIO_HAL_SetPinOutput
                0x00001c5c       0x3c ./Sources/main.o
 .text.GPIO_HAL_ClearPinOutput
                0x00001c98       0x3c ./Sources/main.o
 .text.GPIO_HAL_ReadPinInput
                0x00001cd4       0x40 ./Sources/main.o
 .text.main     0x00001d14       0x4c ./Sources/main.o
                0x00001d14                main
 .text.GPIO_Test_for_TE
                0x00001d60       0xc4 ./Sources/main.o
                0x00001d60                GPIO_Test_for_TE
 .text.CLOCK_HAL_SetLpsciSrc
                0x00001e24       0x30 ./Sources/uart.o
 .text.CLOCK_SYS_SetLpsciSrc
                0x00001e54       0x2c ./Sources/uart.o
 .text.LPSCI_HAL_EnableTransmitter
                0x00001e80       0x1c ./Sources/uart.o
 .text.LPSCI_HAL_EnableReceiver
                0x00001e9c       0x1c ./Sources/uart.o
 .text.LPSCI_HAL_SetBitCountPerChar
                0x00001eb8       0x28 ./Sources/uart.o
 .text.LPSCI_HAL_SetStopBitCount
                0x00001ee0       0x28 ./Sources/uart.o
 .text.uart_init
                0x00001f08       0x6c ./Sources/uart.o
                0x00001f08                uart_init
 .text.INT_SYS_EnableIRQGlobal
                0x00001f74       0x2c ./SDK/platform/system/src/interrupt/fsl_interrupt_manager.o
                0x00001f74                INT_SYS_EnableIRQGlobal
 .text.INT_SYS_DisableIRQGlobal
                0x00001fa0       0x18 ./SDK/platform/system/src/interrupt/fsl_interrupt_manager.o
                0x00001fa0                INT_SYS_DisableIRQGlobal
 .text.SIM_HAL_EnableClock
                0x00001fb8       0x58 ./SDK/platform/system/src/clock/MKL02Z4/fsl_clock_MKL02Z4.o
 .text.CLOCK_HAL_GetLpsciSrc
                0x00002010       0x28 ./SDK/platform/system/src/clock/MKL02Z4/fsl_clock_MKL02Z4.o
 .text.CLOCK_HAL_GetOutDiv1
                0x00002038       0x28 ./SDK/platform/system/src/clock/MKL02Z4/fsl_clock_MKL02Z4.o
 .text.OSC_HAL_GetExternalRefClkCmd
                0x00002060       0x24 ./SDK/platform/system/src/clock/MKL02Z4/fsl_clock_MKL02Z4.o
 .text.CLOCK_SYS_GetCoreClockFreq
                0x00002084       0x34 ./SDK/platform/system/src/clock/MKL02Z4/fsl_clock_MKL02Z4.o
                0x00002084                CLOCK_SYS_GetCoreClockFreq
 .text.CLOCK_SYS_GetFllClockFreq
                0x000020b8       0x18 ./SDK/platform/system/src/clock/MKL02Z4/fsl_clock_MKL02Z4.o
                0x000020b8                CLOCK_SYS_GetFllClockFreq
 .text.CLOCK_SYS_GetOsc0ExternalRefClockFreq
                0x000020d0       0x2c ./SDK/platform/system/src/clock/MKL02Z4/fsl_clock_MKL02Z4.o
                0x000020d0                CLOCK_SYS_GetOsc0ExternalRefClockFreq
 .text.CLOCK_SYS_GetLpsciFreq
                0x000020fc       0x68 ./SDK/platform/system/src/clock/MKL02Z4/fsl_clock_MKL02Z4.o
                0x000020fc                CLOCK_SYS_GetLpsciFreq
 .text.CLOCK_SYS_EnableI2cClock
                0x00002164       0x4c ./SDK/platform/system/src/clock/MKL02Z4/fsl_clock_MKL02Z4.o
                0x00002164                CLOCK_SYS_EnableI2cClock
 .text.CLOCK_SYS_EnableLpsciClock
                0x000021b0       0x40 ./SDK/platform/system/src/clock/MKL02Z4/fsl_clock_MKL02Z4.o
                0x000021b0                CLOCK_SYS_EnableLpsciClock
 .text.CLOCK_SYS_GetSystickFreq
                0x000021f0       0x28 ./SDK/platform/system/src/clock/fsl_clock_manager.o
                0x000021f0                CLOCK_SYS_GetSystickFreq
 .text.OSA_SemaPost
                0x00002218       0x58 ./SDK/platform/osa/src/fsl_os_abstraction_bm.o
                0x00002218                OSA_SemaPost
 .text.OSA_EventCreate
                0x00002270       0x58 ./SDK/platform/osa/src/fsl_os_abstraction_bm.o
                0x00002270                OSA_EventCreate
 .text.OSA_EventSet
                0x000022c8       0x4c ./SDK/platform/osa/src/fsl_os_abstraction_bm.o
                0x000022c8                OSA_EventSet
 .text.task_init
                0x00002314       0x60 ./SDK/platform/osa/src/fsl_os_abstraction_bm.o
                0x00002314                task_init
 .text.OSA_TimeDelay
                0x00002374       0x34 ./SDK/platform/osa/src/fsl_os_abstraction_bm.o
                0x00002374                OSA_TimeDelay
 .text.OSA_Init
                0x000023a8       0x14 ./SDK/platform/osa/src/fsl_os_abstraction_bm.o
                0x000023a8                OSA_Init
 .text.CLOCK_HAL_GetClkOutStat
                0x000023bc       0x20 ./SDK/platform/hal/src/mcg/fsl_mcg_hal.o
 .text.CLOCK_HAL_GetMcgExternalClkFreq
                0x000023dc       0x18 ./SDK/platform/hal/src/mcg/fsl_mcg_hal.o
 .text.CLOCK_HAL_TestFllExternalRefFreq
                0x000023f4       0x7c ./SDK/platform/hal/src/mcg/fsl_mcg_hal.o
                0x000023f4                CLOCK_HAL_TestFllExternalRefFreq
 .text.CLOCK_HAL_GetFllRefClk
                0x00002470       0x8c ./SDK/platform/hal/src/mcg/fsl_mcg_hal.o
                0x00002470                CLOCK_HAL_GetFllRefClk
 .text.CLOCK_HAL_TestFllFreq
                0x000024fc       0x6c ./SDK/platform/hal/src/mcg/fsl_mcg_hal.o
                0x000024fc                CLOCK_HAL_TestFllFreq
 .text.CLOCK_HAL_GetFllClk
                0x00002568       0x6c ./SDK/platform/hal/src/mcg/fsl_mcg_hal.o
                0x00002568                CLOCK_HAL_GetFllClk
 .text.CLOCK_HAL_GetInternalRefClk
                0x000025d4       0x64 ./SDK/platform/hal/src/mcg/fsl_mcg_hal.o
                0x000025d4                CLOCK_HAL_GetInternalRefClk
 .text.CLOCK_HAL_GetOutClk
                0x00002638       0x64 ./SDK/platform/hal/src/mcg/fsl_mcg_hal.o
                0x00002638                CLOCK_HAL_GetOutClk
 .text.LPSCI_HAL_Getchar
                0x0000269c       0x1c ./SDK/platform/hal/src/lpsci/fsl_lpsci_hal.o
 .text.LPSCI_HAL_SetBaudRate
                0x000026b8      0x14c ./SDK/platform/hal/src/lpsci/fsl_lpsci_hal.o
                0x000026b8                LPSCI_HAL_SetBaudRate
 .text.LPSCI_HAL_SetParityMode
                0x00002804       0x40 ./SDK/platform/hal/src/lpsci/fsl_lpsci_hal.o
                0x00002804                LPSCI_HAL_SetParityMode
 .text.LPSCI_HAL_ReceiveDataPolling
                0x00002844       0x88 ./SDK/platform/hal/src/lpsci/fsl_lpsci_hal.o
                0x00002844                LPSCI_HAL_ReceiveDataPolling
 .text.I2C_HAL_GetStatusFlag
                0x000028cc       0x34 ./SDK/platform/hal/src/i2c/fsl_i2c_hal.o
 .text.I2C_HAL_Init
                0x00002900       0x38 ./SDK/platform/hal/src/i2c/fsl_i2c_hal.o
                0x00002900                I2C_HAL_Init
 .text.I2C_HAL_SendStop
                0x00002938       0x78 ./SDK/platform/hal/src/i2c/fsl_i2c_hal.o
                0x00002938                I2C_HAL_SendStop
 .text.I2C_HAL_SetAddress7bit
                0x000029b0       0x30 ./SDK/platform/hal/src/i2c/fsl_i2c_hal.o
                0x000029b0                I2C_HAL_SetAddress7bit
 .text.GPIO_HAL_SetPinDir
                0x000029e0       0x6c ./SDK/platform/hal/src/gpio/fsl_gpio_hal.o
                0x000029e0                GPIO_HAL_SetPinDir
 .text.I2C_HAL_SendAck
                0x00002a4c       0x1c ./SDK/platform/drivers/src/i2c/fsl_i2c_master_driver.o
 .text.I2C_HAL_SendNak
                0x00002a68       0x1c ./SDK/platform/drivers/src/i2c/fsl_i2c_master_driver.o
 .text.I2C_HAL_GetDirMode
                0x00002a84       0x20 ./SDK/platform/drivers/src/i2c/fsl_i2c_master_driver.o
 .text.I2C_HAL_ReadByte
                0x00002aa4       0x18 ./SDK/platform/drivers/src/i2c/fsl_i2c_master_driver.o
 .text.I2C_HAL_WriteByte
                0x00002abc       0x1c ./SDK/platform/drivers/src/i2c/fsl_i2c_master_driver.o
 .text.I2C_HAL_GetStatusFlag
                0x00002ad8       0x34 ./SDK/platform/drivers/src/i2c/fsl_i2c_master_driver.o
 .text.I2C_HAL_IsMaster
                0x00002b0c       0x24 ./SDK/platform/drivers/src/i2c/fsl_i2c_master_driver.o
 .text.I2C_HAL_SetIntCmd
                0x00002b30       0x28 ./SDK/platform/drivers/src/i2c/fsl_i2c_master_driver.o
 .text.I2C_HAL_ClearInt
                0x00002b58       0x14 ./SDK/platform/drivers/src/i2c/fsl_i2c_master_driver.o
 .text.I2C_DRV_MasterIRQHandler
                0x00002b6c      0x134 ./SDK/platform/drivers/src/i2c/fsl_i2c_master_driver.o
                0x00002b6c                I2C_DRV_MasterIRQHandler
 .text.I2C_DRV_CompleteTransfer
                0x00002ca0       0x98 ./SDK/platform/drivers/src/i2c/fsl_i2c_master_driver.o
 .text.I2C_HAL_IsMaster
                0x00002d38       0x24 ./SDK/platform/drivers/src/i2c/fsl_i2c_shared_function.o
 .text.I2C_DRV_IRQHandler
                0x00002d5c       0x5c ./SDK/platform/drivers/src/i2c/fsl_i2c_shared_function.o
                0x00002d5c                I2C_DRV_IRQHandler
 .text.NVIC_EnableIRQ
                0x00002db8       0x2c ./SDK/platform/drivers/src/i2c/fsl_i2c_slave_driver.o
 .text.I2C_HAL_Enable
                0x00002de4       0x1c ./SDK/platform/drivers/src/i2c/fsl_i2c_slave_driver.o
 .text.I2C_HAL_SetDirMode
                0x00002e00       0x28 ./SDK/platform/drivers/src/i2c/fsl_i2c_slave_driver.o
 .text.I2C_HAL_GetDirMode
                0x00002e28       0x20 ./SDK/platform/drivers/src/i2c/fsl_i2c_slave_driver.o
 .text.I2C_HAL_ReadByte
                0x00002e48       0x18 ./SDK/platform/drivers/src/i2c/fsl_i2c_slave_driver.o
 .text.I2C_HAL_WriteByte
                0x00002e60       0x1c ./SDK/platform/drivers/src/i2c/fsl_i2c_slave_driver.o
 .text.I2C_HAL_GetStatusFlag
                0x00002e7c       0x34 ./SDK/platform/drivers/src/i2c/fsl_i2c_slave_driver.o
 .text.I2C_HAL_ClearArbitrationLost
                0x00002eb0       0x14 ./SDK/platform/drivers/src/i2c/fsl_i2c_slave_driver.o
 .text.I2C_HAL_SetIntCmd
                0x00002ec4       0x28 ./SDK/platform/drivers/src/i2c/fsl_i2c_slave_driver.o
 .text.I2C_HAL_ClearInt
                0x00002eec       0x14 ./SDK/platform/drivers/src/i2c/fsl_i2c_slave_driver.o
 .text.I2C_HAL_GetStopFlag
                0x00002f00       0x24 ./SDK/platform/drivers/src/i2c/fsl_i2c_slave_driver.o
 .text.I2C_HAL_ClearStopFlag
                0x00002f24       0x1c ./SDK/platform/drivers/src/i2c/fsl_i2c_slave_driver.o
 .text.I2C_HAL_SetStartStopIntCmd
                0x00002f40       0x28 ./SDK/platform/drivers/src/i2c/fsl_i2c_slave_driver.o
 .text.I2C_HAL_GetStartStopIntCmd
                0x00002f68       0x24 ./SDK/platform/drivers/src/i2c/fsl_i2c_slave_driver.o
 .text.I2C_HAL_GetStartFlag
                0x00002f8c       0x24 ./SDK/platform/drivers/src/i2c/fsl_i2c_slave_driver.o
 .text.I2C_HAL_ClearStartFlag
                0x00002fb0       0x1c ./SDK/platform/drivers/src/i2c/fsl_i2c_slave_driver.o
 .text.INT_SYS_EnableIRQ
                0x00002fcc       0x5c ./SDK/platform/drivers/src/i2c/fsl_i2c_slave_driver.o
 .text.I2C_DRV_SlaveInit
                0x00003028      0x10c ./SDK/platform/drivers/src/i2c/fsl_i2c_slave_driver.o
                0x00003028                I2C_DRV_SlaveInit
 .text.I2C_DRV_SlaveGetHandler
                0x00003134       0x1c ./SDK/platform/drivers/src/i2c/fsl_i2c_slave_driver.o
                0x00003134                I2C_DRV_SlaveGetHandler
 .text.I2C_DRV_SlaveIRQHandler
                0x00003150      0x424 ./SDK/platform/drivers/src/i2c/fsl_i2c_slave_driver.o
                0x00003150                I2C_DRV_SlaveIRQHandler
 .text.SystemInit
                0x00003574       0xec ./SDK/platform/devices/MKL02Z4/startup/system_MKL02Z4.o
                0x00003574                SystemInit
 .text.init_data_bss
                0x00003660       0xc8 ./SDK/platform/devices/startup.o
                0x00003660                init_data_bss
 .text.Components_Init
                0x00003728        0x8 ./Generated_Code/Cpu.o
                0x00003728                Components_Init
 .text.SIM_HAL_EnableClock
                0x00003730       0x58 ./Generated_Code/hardware_init.o
 .text.hardware_init
                0x00003788       0x50 ./Generated_Code/hardware_init.o
                0x00003788                hardware_init
 .text.NVIC_SetPriority
                0x000037d8       0xe0 ./Generated_Code/osa1.o
 .text.CLOCK_SYS_SetSystickSrc
                0x000038b8       0x30 ./Generated_Code/osa1.o
 .text.SysTick_Handler
                0x000038e8       0x1c ./Generated_Code/osa1.o
                0x000038e8                SysTick_Handler
 *fill*         0x00003904        0x4 
 .text.OSA_TimeInit
                0x00003908       0xa0 ./Generated_Code/osa1.o
                0x00003908                OSA_TimeInit
 .text.OSA_TimeDiff
                0x000039a8       0x30 ./Generated_Code/osa1.o
                0x000039a8                OSA_TimeDiff
 .text.OSA_TimeGetMsec
                0x000039d8       0x14 ./Generated_Code/osa1.o
                0x000039d8                OSA_TimeGetMsec
 .text.PORT_HAL_SetMuxMode
                0x000039ec       0x4c ./Generated_Code/pin_mux.o
 .text.SIM_HAL_SetLpsciRxSrcMode
                0x00003a38       0x2c ./Generated_Code/pin_mux.o
 .text.SIM_HAL_SetLpsciTxSrcMode
                0x00003a64       0x2c ./Generated_Code/pin_mux.o
 .text.init_coredebug_pins
                0x00003a90       0x2c ./Generated_Code/pin_mux.o
                0x00003a90                init_coredebug_pins
 .text.init_gpio_pins
                0x00003abc       0x7c ./Generated_Code/pin_mux.o
                0x00003abc                init_gpio_pins
 .text.init_i2c_pins
                0x00003b38       0x34 ./Generated_Code/pin_mux.o
                0x00003b38                init_i2c_pins
 .text.init_rcm_pins
                0x00003b6c       0x20 ./Generated_Code/pin_mux.o
                0x00003b6c                init_rcm_pins
 .text.init_uart0_pins
                0x00003b8c       0x48 ./Generated_Code/pin_mux.o
                0x00003b8c                init_uart0_pins
 .text.__assert_func
                0x00003bd4       0x3c c:/freescale/kds_3.0.0/toolchain/bin/../lib/gcc/arm-none-eabi/4.8.4/../../../../arm-none-eabi/lib/armv6-m\libg_s.a(lib_a-assert.o)
                0x00003bd4                __assert_func
 .text.exit     0x00003c10       0x2c c:/freescale/kds_3.0.0/toolchain/bin/../lib/gcc/arm-none-eabi/4.8.4/../../../../arm-none-eabi/lib/armv6-m\libg_s.a(lib_a-exit.o)
                0x00003c10                exit
 .text.fprintf  0x00003c3c       0x24 c:/freescale/kds_3.0.0/toolchain/bin/../lib/gcc/arm-none-eabi/4.8.4/../../../../arm-none-eabi/lib/armv6-m\libg_s.a(lib_a-fprintf.o)
                0x00003c3c                fiprintf
                0x00003c3c                fprintf
 .text.__libc_init_array
                0x00003c60       0x4c c:/freescale/kds_3.0.0/toolchain/bin/../lib/gcc/arm-none-eabi/4.8.4/../../../../arm-none-eabi/lib/armv6-m\libg_s.a(lib_a-init.o)
                0x00003c60                __libc_init_array
 .text.memset   0x00003cac       0x10 c:/freescale/kds_3.0.0/toolchain/bin/../lib/gcc/arm-none-eabi/4.8.4/../../../../arm-none-eabi/lib/armv6-m\libg_s.a(lib_a-memset.o)
                0x00003cac                memset
 .text._free_r  0x00003cbc       0x90 c:/freescale/kds_3.0.0/toolchain/bin/../lib/gcc/arm-none-eabi/4.8.4/../../../../arm-none-eabi/lib/armv6-m\libg_s.a(lib_a-nano-freer.o)
                0x00003cbc                _free_r
 .text._malloc_r
                0x00003d4c       0xa8 c:/freescale/kds_3.0.0/toolchain/bin/../lib/gcc/arm-none-eabi/4.8.4/../../../../arm-none-eabi/lib/armv6-m\libg_s.a(lib_a-nano-mallocr.o)
                0x00003d4c                _malloc_r
 .text._sbrk_r  0x00003df4       0x24 c:/freescale/kds_3.0.0/toolchain/bin/../lib/gcc/arm-none-eabi/4.8.4/../../../../arm-none-eabi/lib/armv6-m\libg_s.a(lib_a-sbrkr.o)
                0x00003df4                _sbrk_r
 .text.__sfputc_r
                0x00003e18       0x2a c:/freescale/kds_3.0.0/toolchain/bin/../lib/gcc/arm-none-eabi/4.8.4/../../../../arm-none-eabi/lib/armv6-m\libg_s.a(lib_a-vfprintf.o)
 .text.__sfputs_r
                0x00003e42       0x24 c:/freescale/kds_3.0.0/toolchain/bin/../lib/gcc/arm-none-eabi/4.8.4/../../../../arm-none-eabi/lib/armv6-m\libg_s.a(lib_a-vfprintf.o)
                0x00003e42                __sfputs_r
 *fill*         0x00003e66        0x2 
 .text._vfprintf_r
                0x00003e68      0x210 c:/freescale/kds_3.0.0/toolchain/bin/../lib/gcc/arm-none-eabi/4.8.4/../../../../arm-none-eabi/lib/armv6-m\libg_s.a(lib_a-vfprintf.o)
                0x00003e68                _vfprintf_r
                0x00003e68                _vfiprintf_r
 .text._printf_common
                0x00004078       0xe8 c:/freescale/kds_3.0.0/toolchain/bin/../lib/gcc/arm-none-eabi/4.8.4/../../../../arm-none-eabi/lib/armv6-m\libg_s.a(lib_a-vfprintf_i.o)
                0x00004078                _printf_common
 .text._printf_i
                0x00004160      0x22c c:/freescale/kds_3.0.0/toolchain/bin/../lib/gcc/arm-none-eabi/4.8.4/../../../../arm-none-eabi/lib/armv6-m\libg_s.a(lib_a-vfprintf_i.o)
                0x00004160                _printf_i
 .text.__swbuf_r
                0x0000438c       0xb0 c:/freescale/kds_3.0.0/toolchain/bin/../lib/gcc/arm-none-eabi/4.8.4/../../../../arm-none-eabi/lib/armv6-m\libg_s.a(lib_a-wbuf.o)
                0x0000438c                __swbuf_r
 .text.__swsetup_r
                0x0000443c       0xe4 c:/freescale/kds_3.0.0/toolchain/bin/../lib/gcc/arm-none-eabi/4.8.4/../../../../arm-none-eabi/lib/armv6-m\libg_s.a(lib_a-wsetup.o)
                0x0000443c                __swsetup_r
 .text.abort    0x00004520        0xe c:/freescale/kds_3.0.0/toolchain/bin/../lib/gcc/arm-none-eabi/4.8.4/../../../../arm-none-eabi/lib/armv6-m\libg_s.a(lib_a-abort.o)
                0x00004520                abort
 .text.__sflush_r
                0x0000452e      0x112 c:/freescale/kds_3.0.0/toolchain/bin/../lib/gcc/arm-none-eabi/4.8.4/../../../../arm-none-eabi/lib/armv6-m\libg_s.a(lib_a-fflush.o)
                0x0000452e                __sflush_r
 .text._fflush_r
                0x00004640       0x58 c:/freescale/kds_3.0.0/toolchain/bin/../lib/gcc/arm-none-eabi/4.8.4/../../../../arm-none-eabi/lib/armv6-m\libg_s.a(lib_a-fflush.o)
                0x00004640                _fflush_r
 .text._cleanup_r
                0x00004698       0x34 c:/freescale/kds_3.0.0/toolchain/bin/../lib/gcc/arm-none-eabi/4.8.4/../../../../arm-none-eabi/lib/armv6-m\libg_s.a(lib_a-findfp.o)
                0x00004698                _cleanup_r
 .text.std.isra.0
                0x000046cc       0x48 c:/freescale/kds_3.0.0/toolchain/bin/../lib/gcc/arm-none-eabi/4.8.4/../../../../arm-none-eabi/lib/armv6-m\libg_s.a(lib_a-findfp.o)
 .text.__sfmoreglue
                0x00004714       0x2c c:/freescale/kds_3.0.0/toolchain/bin/../lib/gcc/arm-none-eabi/4.8.4/../../../../arm-none-eabi/lib/armv6-m\libg_s.a(lib_a-findfp.o)
                0x00004714                __sfmoreglue
 .text.__sinit  0x00004740       0x64 c:/freescale/kds_3.0.0/toolchain/bin/../lib/gcc/arm-none-eabi/4.8.4/../../../../arm-none-eabi/lib/armv6-m\libg_s.a(lib_a-findfp.o)
                0x00004740                __sinit
 .text.__sfp    0x000047a4       0x7c c:/freescale/kds_3.0.0/toolchain/bin/../lib/gcc/arm-none-eabi/4.8.4/../../../../arm-none-eabi/lib/armv6-m\libg_s.a(lib_a-findfp.o)
                0x000047a4                __sfp
 .text.__smakebuf_r
                0x00004820       0xa0 c:/freescale/kds_3.0.0/toolchain/bin/../lib/gcc/arm-none-eabi/4.8.4/../../../../arm-none-eabi/lib/armv6-m\libg_s.a(lib_a-makebuf.o)
                0x00004820                __smakebuf_r
 .text.memchr   0x000048c0       0x16 c:/freescale/kds_3.0.0/toolchain/bin/../lib/gcc/arm-none-eabi/4.8.4/../../../../arm-none-eabi/lib/armv6-m\libg_s.a(lib_a-memchr-stub.o)
                0x000048c0                memchr
 .text._raise_r
                0x000048d6       0x56 c:/freescale/kds_3.0.0/toolchain/bin/../lib/gcc/arm-none-eabi/4.8.4/../../../../arm-none-eabi/lib/armv6-m\libg_s.a(lib_a-signal.o)
                0x000048d6                _raise_r
 .text.raise    0x0000492c       0x14 c:/freescale/kds_3.0.0/toolchain/bin/../lib/gcc/arm-none-eabi/4.8.4/../../../../arm-none-eabi/lib/armv6-m\libg_s.a(lib_a-signal.o)
                0x0000492c                raise
 .text._kill_r  0x00004940       0x24 c:/freescale/kds_3.0.0/toolchain/bin/../lib/gcc/arm-none-eabi/4.8.4/../../../../arm-none-eabi/lib/armv6-m\libg_s.a(lib_a-signalr.o)
                0x00004940                _kill_r
 .text._getpid_r
                0x00004964        0x8 c:/freescale/kds_3.0.0/toolchain/bin/../lib/gcc/arm-none-eabi/4.8.4/../../../../arm-none-eabi/lib/armv6-m\libg_s.a(lib_a-signalr.o)
                0x00004964                _getpid_r
 .text.__sread  0x0000496c       0x28 c:/freescale/kds_3.0.0/toolchain/bin/../lib/gcc/arm-none-eabi/4.8.4/../../../../arm-none-eabi/lib/armv6-m\libg_s.a(lib_a-stdio.o)
                0x0000496c                __sread
 .text.__swrite
                0x00004994       0x38 c:/freescale/kds_3.0.0/toolchain/bin/../lib/gcc/arm-none-eabi/4.8.4/../../../../arm-none-eabi/lib/armv6-m\libg_s.a(lib_a-stdio.o)
                0x00004994                __swrite
 .text.__sseek  0x000049cc       0x2c c:/freescale/kds_3.0.0/toolchain/bin/../lib/gcc/arm-none-eabi/4.8.4/../../../../arm-none-eabi/lib/armv6-m\libg_s.a(lib_a-stdio.o)
                0x000049cc                __sseek
 .text.__sclose
                0x000049f8        0xc c:/freescale/kds_3.0.0/toolchain/bin/../lib/gcc/arm-none-eabi/4.8.4/../../../../arm-none-eabi/lib/armv6-m\libg_s.a(lib_a-stdio.o)
                0x000049f8                __sclose
 .text.strlen   0x00004a04        0xe c:/freescale/kds_3.0.0/toolchain/bin/../lib/gcc/arm-none-eabi/4.8.4/../../../../arm-none-eabi/lib/armv6-m\libg_s.a(lib_a-strlen.o)
                0x00004a04                strlen
 *fill*         0x00004a12        0x2 
 .text._write_r
                0x00004a14       0x28 c:/freescale/kds_3.0.0/toolchain/bin/../lib/gcc/arm-none-eabi/4.8.4/../../../../arm-none-eabi/lib/armv6-m\libg_s.a(lib_a-writer.o)
                0x00004a14                _write_r
 .text._close_r
                0x00004a3c       0x24 c:/freescale/kds_3.0.0/toolchain/bin/../lib/gcc/arm-none-eabi/4.8.4/../../../../arm-none-eabi/lib/armv6-m\libg_s.a(lib_a-closer.o)
                0x00004a3c                _close_r
 .text._fstat_r
                0x00004a60       0x24 c:/freescale/kds_3.0.0/toolchain/bin/../lib/gcc/arm-none-eabi/4.8.4/../../../../arm-none-eabi/lib/armv6-m\libg_s.a(lib_a-fstatr.o)
                0x00004a60                _fstat_r
 .text._isatty_r
                0x00004a84       0x24 c:/freescale/kds_3.0.0/toolchain/bin/../lib/gcc/arm-none-eabi/4.8.4/../../../../arm-none-eabi/lib/armv6-m\libg_s.a(lib_a-isattyr.o)
                0x00004a84                _isatty_r
 .text._lseek_r
                0x00004aa8       0x28 c:/freescale/kds_3.0.0/toolchain/bin/../lib/gcc/arm-none-eabi/4.8.4/../../../../arm-none-eabi/lib/armv6-m\libg_s.a(lib_a-lseekr.o)
                0x00004aa8                _lseek_r
 .text._read_r  0x00004ad0       0x28 c:/freescale/kds_3.0.0/toolchain/bin/../lib/gcc/arm-none-eabi/4.8.4/../../../../arm-none-eabi/lib/armv6-m\libg_s.a(lib_a-readr.o)
                0x00004ad0                _read_r
 .text._close   0x00004af8       0x10 c:/freescale/kds_3.0.0/toolchain/bin/../lib/gcc/arm-none-eabi/4.8.4/../../../../arm-none-eabi/lib/armv6-m\libnosys.a(close.o)
                0x00004af8                _close
 .text._fstat   0x00004b08       0x10 c:/freescale/kds_3.0.0/toolchain/bin/../lib/gcc/arm-none-eabi/4.8.4/../../../../arm-none-eabi/lib/armv6-m\libnosys.a(fstat.o)
                0x00004b08                _fstat
 .text._getpid  0x00004b18       0x10 c:/freescale/kds_3.0.0/toolchain/bin/../lib/gcc/arm-none-eabi/4.8.4/../../../../arm-none-eabi/lib/armv6-m\libnosys.a(getpid.o)
                0x00004b18                _getpid
 .text._isatty  0x00004b28       0x10 c:/freescale/kds_3.0.0/toolchain/bin/../lib/gcc/arm-none-eabi/4.8.4/../../../../arm-none-eabi/lib/armv6-m\libnosys.a(isatty.o)
                0x00004b28                _isatty
 .text._kill    0x00004b38       0x10 c:/freescale/kds_3.0.0/toolchain/bin/../lib/gcc/arm-none-eabi/4.8.4/../../../../arm-none-eabi/lib/armv6-m\libnosys.a(kill.o)
                0x00004b38                _kill
 .text._lseek   0x00004b48       0x10 c:/freescale/kds_3.0.0/toolchain/bin/../lib/gcc/arm-none-eabi/4.8.4/../../../../arm-none-eabi/lib/armv6-m\libnosys.a(lseek.o)
                0x00004b48                _lseek
 .text._read    0x00004b58       0x10 c:/freescale/kds_3.0.0/toolchain/bin/../lib/gcc/arm-none-eabi/4.8.4/../../../../arm-none-eabi/lib/armv6-m\libnosys.a(read.o)
                0x00004b58                _read
 .text._sbrk    0x00004b68       0x34 c:/freescale/kds_3.0.0/toolchain/bin/../lib/gcc/arm-none-eabi/4.8.4/../../../../arm-none-eabi/lib/armv6-m\libnosys.a(sbrk.o)
                0x00004b68                _sbrk
 .text._write   0x00004b9c       0x10 c:/freescale/kds_3.0.0/toolchain/bin/../lib/gcc/arm-none-eabi/4.8.4/../../../../arm-none-eabi/lib/armv6-m\libnosys.a(write.o)
                0x00004b9c                _write
 .text._exit    0x00004bac        0x4 c:/freescale/kds_3.0.0/toolchain/bin/../lib/gcc/arm-none-eabi/4.8.4/../../../../arm-none-eabi/lib/armv6-m\libnosys.a(_exit.o)
                0x00004bac                _exit
 *(.rodata)
 .rodata        0x00004bb0       0x64 ./Sources/gpio.o
 .rodata        0x00004c14       0x64 ./Sources/i2c.o
 .rodata        0x00004c78       0xc8 ./Sources/main.o
 .rodata        0x00004d40      0x1a8 ./SDK/platform/system/src/clock/MKL02Z4/fsl_clock_MKL02Z4.o
 .rodata        0x00004ee8       0x64 ./SDK/platform/osa/src/fsl_os_abstraction_bm.o
 .rodata        0x00004f4c       0x48 ./SDK/platform/hal/src/i2c/fsl_i2c_hal.o
 .rodata        0x00004f94       0x38 ./SDK/platform/hal/src/gpio/fsl_gpio_hal.o
 .rodata        0x00004fcc      0x118 ./SDK/platform/drivers/src/i2c/fsl_i2c_master_driver.o
 .rodata        0x000050e4       0x5c ./SDK/platform/drivers/src/i2c/fsl_i2c_shared_function.o
 .rodata        0x00005140      0x110 ./SDK/platform/drivers/src/i2c/fsl_i2c_slave_driver.o
 .rodata        0x00005250       0x2c ./Generated_Code/osa1.o
 .rodata        0x0000527c       0x64 ./Generated_Code/pin_mux.o
 *(.rodata*)
 .rodata.__func__.4896
                0x000052e0       0x18 ./Sources/gpio.o
 .rodata.ParserGPRMC
                0x000052f8       0x54 ./Sources/gps.o
 .rodata.ParserGPGSA
                0x0000534c       0x44 ./Sources/gps.o
 .rodata.ParserGPGSV
                0x00005390       0x4c ./Sources/gps.o
 .rodata.i2c_slave_callback
                0x000053dc      0x190 ./Sources/i2c.o
 .rodata.__func__.5099
                0x0000556c       0x14 ./Sources/i2c.o
 .rodata.__func__.5819
                0x00005580       0x14 ./Sources/main.o
 .rodata.__func__.6117
                0x00005594       0x18 ./Sources/main.o
 .rodata.__func__.6088
                0x000055ac       0x18 ./Sources/main.o
 .rodata.__func__.6083
                0x000055c4       0x18 ./Sources/main.o
 .rodata.i2cGateTable
                0x000055dc        0x4 ./SDK/platform/system/src/clock/MKL02Z4/fsl_clock_MKL02Z4.o
 .rodata.__func__.5914
                0x000055e0       0x1c ./SDK/platform/system/src/clock/MKL02Z4/fsl_clock_MKL02Z4.o
 .rodata.__func__.5935
                0x000055fc       0x1c ./SDK/platform/system/src/clock/MKL02Z4/fsl_clock_MKL02Z4.o
 .rodata.g_oscBase
                0x00005618        0x4 ./SDK/platform/system/src/clock/fsl_clock_manager_common.o
                0x00005618                g_oscBase
 .rodata.__func__.5969
                0x0000561c       0x10 ./SDK/platform/osa/src/fsl_os_abstraction_bm.o
 .rodata.__func__.5996
                0x0000562c       0x10 ./SDK/platform/osa/src/fsl_os_abstraction_bm.o
 .rodata.__func__.6015
                0x0000563c       0x10 ./SDK/platform/osa/src/fsl_os_abstraction_bm.o
 .rodata.fllFactorTable.5089
                0x0000564c       0x10 ./SDK/platform/hal/src/mcg/fsl_mcg_hal.o
 .rodata.__func__.5089
                0x0000565c       0x14 ./SDK/platform/hal/src/i2c/fsl_i2c_hal.o
 .rodata.__func__.5004
                0x00005670       0x14 ./SDK/platform/hal/src/gpio/fsl_gpio_hal.o
 .rodata.g_i2cBase
                0x00005684        0x8 ./SDK/platform/drivers/src/i2c/fsl_i2c_common.o
                0x00005684                g_i2cBase
 .rodata.g_i2cIrqId
                0x0000568c        0x4 ./SDK/platform/drivers/src/i2c/fsl_i2c_common.o
                0x0000568c                g_i2cIrqId
 .rodata.__func__.6407
                0x00005690       0x1c ./SDK/platform/drivers/src/i2c/fsl_i2c_master_driver.o
 .rodata.__func__.6427
                0x000056ac       0x1c ./SDK/platform/drivers/src/i2c/fsl_i2c_master_driver.o
 .rodata.__func__.5069
                0x000056c8       0x14 ./SDK/platform/drivers/src/i2c/fsl_i2c_shared_function.o
 .rodata.__func__.6317
                0x000056dc       0x14 ./SDK/platform/drivers/src/i2c/fsl_i2c_slave_driver.o
 .rodata.__func__.6303
                0x000056f0       0x14 ./SDK/platform/drivers/src/i2c/fsl_i2c_slave_driver.o
 .rodata.__func__.6397
                0x00005704       0x18 ./SDK/platform/drivers/src/i2c/fsl_i2c_slave_driver.o
 .rodata.__func__.6818
                0x0000571c       0x10 ./Generated_Code/osa1.o
 .rodata.__func__.4914
                0x0000572c       0x14 ./Generated_Code/pin_mux.o
 .rodata.str1.1
                0x00005740       0x3c c:/freescale/kds_3.0.0/toolchain/bin/../lib/gcc/arm-none-eabi/4.8.4/../../../../arm-none-eabi/lib/armv6-m\libg_s.a(lib_a-assert.o)
                                 0x3d (size before relaxing)
 .rodata.str1.1
                0x0000577c        0x2 c:/freescale/kds_3.0.0/toolchain/bin/../lib/gcc/arm-none-eabi/4.8.4/../../../../arm-none-eabi/lib/armv6-m\libg_s.a(lib_a-impure.o)
 *fill*         0x0000577e        0x2 
 .rodata._global_impure_ptr
                0x00005780        0x4 c:/freescale/kds_3.0.0/toolchain/bin/../lib/gcc/arm-none-eabi/4.8.4/../../../../arm-none-eabi/lib/armv6-m\libg_s.a(lib_a-impure.o)
                0x00005780                _global_impure_ptr
 .rodata.str1.1
                0x00005784       0x11 c:/freescale/kds_3.0.0/toolchain/bin/../lib/gcc/arm-none-eabi/4.8.4/../../../../arm-none-eabi/lib/armv6-m\libg_s.a(lib_a-vfprintf.o)
 .rodata.str1.1
                0x00005795       0x22 c:/freescale/kds_3.0.0/toolchain/bin/../lib/gcc/arm-none-eabi/4.8.4/../../../../arm-none-eabi/lib/armv6-m\libg_s.a(lib_a-vfprintf_i.o)
 *fill*         0x000057b7        0x1 
 .rodata.__sf_fake_stdin
                0x000057b8       0x20 c:/freescale/kds_3.0.0/toolchain/bin/../lib/gcc/arm-none-eabi/4.8.4/../../../../arm-none-eabi/lib/armv6-m\libg_s.a(lib_a-findfp.o)
                0x000057b8                __sf_fake_stdin
 .rodata.__sf_fake_stdout
                0x000057d8       0x20 c:/freescale/kds_3.0.0/toolchain/bin/../lib/gcc/arm-none-eabi/4.8.4/../../../../arm-none-eabi/lib/armv6-m\libg_s.a(lib_a-findfp.o)
                0x000057d8                __sf_fake_stdout
 .rodata.__sf_fake_stderr
                0x000057f8       0x20 c:/freescale/kds_3.0.0/toolchain/bin/../lib/gcc/arm-none-eabi/4.8.4/../../../../arm-none-eabi/lib/armv6-m\libg_s.a(lib_a-findfp.o)
                0x000057f8                __sf_fake_stderr
 *(.glue_7)
 .glue_7        0x00000000        0x0 linker stubs
 *(.glue_7t)
 .glue_7t       0x00000000        0x0 linker stubs
 *(.eh_frame)
 .eh_frame      0x00005818        0x0 c:/freescale/kds_3.0.0/toolchain/bin/../lib/gcc/arm-none-eabi/4.8.4/armv6-m/crtbegin.o
 *(.init)
 .init          0x00005818        0x4 c:/freescale/kds_3.0.0/toolchain/bin/../lib/gcc/arm-none-eabi/4.8.4/armv6-m/crti.o
                0x00005818                _init
 .init          0x0000581c        0x8 c:/freescale/kds_3.0.0/toolchain/bin/../lib/gcc/arm-none-eabi/4.8.4/armv6-m/crtn.o
 *(.fini)
 .fini          0x00005824        0x4 c:/freescale/kds_3.0.0/toolchain/bin/../lib/gcc/arm-none-eabi/4.8.4/armv6-m/crti.o
                0x00005824                _fini
 .fini          0x00005828        0x8 c:/freescale/kds_3.0.0/toolchain/bin/../lib/gcc/arm-none-eabi/4.8.4/armv6-m/crtn.o
                0x00005830                . = ALIGN (0x4)

.vfp11_veneer   0x00005830        0x0
 .vfp11_veneer  0x00000000        0x0 linker stubs

.v4_bx          0x00005830        0x0
 .v4_bx         0x00000000        0x0 linker stubs

.iplt           0x00005830        0x0
 .iplt          0x00000000        0x0 c:/freescale/kds_3.0.0/toolchain/bin/../lib/gcc/arm-none-eabi/4.8.4/armv6-m/crtbegin.o

.ARM.extab
 *(.ARM.extab* .gnu.linkonce.armextab.*)

.ARM            0x00005830        0x8
                0x00005830                __exidx_start = .
 *(.ARM.exidx*)
 .ARM.exidx     0x00005830        0x8 c:/freescale/kds_3.0.0/toolchain/bin/../lib/gcc/arm-none-eabi/4.8.4/../../../../arm-none-eabi/lib/armv6-m/crt0.o
 .ARM.exidx     0x00005838        0x0 c:/freescale/kds_3.0.0/toolchain/bin/../lib/gcc/arm-none-eabi/4.8.4/armv6-m\libgcc.a(_divdi3.o)
                                  0x8 (size before relaxing)
 .ARM.exidx     0x00005838        0x0 c:/freescale/kds_3.0.0/toolchain/bin/../lib/gcc/arm-none-eabi/4.8.4/armv6-m\libgcc.a(_udivdi3.o)
                                  0x8 (size before relaxing)
                0x00005838                __exidx_end = .

.rel.dyn        0x00005838        0x0
 .rel.iplt      0x00000000        0x0 c:/freescale/kds_3.0.0/toolchain/bin/../lib/gcc/arm-none-eabi/4.8.4/armv6-m/crtbegin.o

.ctors          0x00005838        0x0
                0x00005838                __CTOR_LIST__ = .
 *crtbegin.o(.ctors)
 *crtbegin?.o(.ctors)
 *(EXCLUDE_FILE(*crtend.o *crtend?.o) .ctors)
 *(SORT(.ctors.*))
 *(.ctors)
                0x00005838                __CTOR_END__ = .

.dtors          0x00005838        0x0
                0x00005838                __DTOR_LIST__ = .
 *crtbegin.o(.dtors)
 *crtbegin?.o(.dtors)
 *(EXCLUDE_FILE(*crtend.o *crtend?.o) .dtors)
 *(SORT(.dtors.*))
 *(.dtors)
                0x00005838                __DTOR_END__ = .

.preinit_array  0x00005838        0x0
                0x00005838                PROVIDE (__preinit_array_start, .)
 *(.preinit_array*)
                0x00005838                PROVIDE (__preinit_array_end, .)

.init_array     0x00005838        0x4
                0x00005838                PROVIDE (__init_array_start, .)
 *(SORT(.init_array.*))
 *(.init_array*)
 .init_array    0x00005838        0x4 c:/freescale/kds_3.0.0/toolchain/bin/../lib/gcc/arm-none-eabi/4.8.4/armv6-m/crtbegin.o
                0x0000583c                PROVIDE (__init_array_end, .)

.fini_array     0x0000583c        0x4
                0x0000583c                PROVIDE (__fini_array_start, .)
 *(SORT(.fini_array.*))
 *(.fini_array*)
 .fini_array    0x0000583c        0x4 c:/freescale/kds_3.0.0/toolchain/bin/../lib/gcc/arm-none-eabi/4.8.4/armv6-m/crtbegin.o
                0x00005840                PROVIDE (__fini_array_end, .)
                0x00005840                __etext = .
                0x00005840                __DATA_ROM = .

.mtb            0x1ffffe00        0x0
                0x1ffffe00                . = ALIGN (0x8)
                0x1ffffe00                _mtb_start = .
 *(.mtb_buf)
                0x1ffffe00                . = ALIGN (0x8)
                0x1ffffe00                _mtb_end = .

.data           0x1ffffe00       0x7c load address 0x00005840
                0x1ffffe00                . = ALIGN (0x4)
                0x1ffffe00                __DATA_RAM = .
                0x1ffffe00                __data_start__ = .
 *(.data)
 *(.data*)
 .data.NMEA_CMD_Buff
                0x1ffffe00        0x8 ./Sources/gps.o
 .data.RegScanData
                0x1ffffe08        0x4 ./Sources/i2c.o
                0x1ffffe08                RegScanData
 .data.g_fastInternalRefClkFreq
                0x1ffffe0c        0x4 ./SDK/platform/hal/src/mcg/fsl_mcg_hal.o
                0x1ffffe0c                g_fastInternalRefClkFreq
 .data.g_slowInternalRefClkFreq
                0x1ffffe10        0x4 ./SDK/platform/hal/src/mcg/fsl_mcg_hal.o
                0x1ffffe10                g_slowInternalRefClkFreq
 .data.impure_data
                0x1ffffe14       0x60 c:/freescale/kds_3.0.0/toolchain/bin/../lib/gcc/arm-none-eabi/4.8.4/../../../../arm-none-eabi/lib/armv6-m\libg_s.a(lib_a-impure.o)
 .data._impure_ptr
                0x1ffffe74        0x4 c:/freescale/kds_3.0.0/toolchain/bin/../lib/gcc/arm-none-eabi/4.8.4/../../../../arm-none-eabi/lib/armv6-m\libg_s.a(lib_a-impure.o)
                0x1ffffe74                _impure_ptr
 *(.jcr*)
 .jcr           0x1ffffe78        0x0 c:/freescale/kds_3.0.0/toolchain/bin/../lib/gcc/arm-none-eabi/4.8.4/armv6-m/crtbegin.o
 .jcr           0x1ffffe78        0x4 c:/freescale/kds_3.0.0/toolchain/bin/../lib/gcc/arm-none-eabi/4.8.4/armv6-m/crtend.o
                0x1ffffe7c                . = ALIGN (0x4)
                0x1ffffe7c                __data_end__ = .
                0x000058bc                __DATA_END = (__DATA_ROM + (__data_end__ - __data_start__))
                0x000058bc                __m_interrupts_ram_ROMStart = (__DATA_ROM + SIZEOF (.data))

.igot.plt       0x1ffffe7c        0x0 load address 0x000058bc
 .igot.plt      0x00000000        0x0 c:/freescale/kds_3.0.0/toolchain/bin/../lib/gcc/arm-none-eabi/4.8.4/armv6-m/crtbegin.o

.m_interrupts_ram
                0x1ffffc00      0x200 load address 0x000058bc
                0x1ffffc00                . = ALIGN (0x4)
                0x1ffffc00                __m_interrupts_ram_RAMStart = .
 *(.m_interrupts_ram)
                0x1ffffe00                . = (. + 0x200)
 *fill*         0x1ffffc00      0x200 
                0x1ffffe00                __m_interrupts_ram_RAMEnd = .
                0x1ffffe00                . = ALIGN (0x4)
                0x00000200                __m_interrupts_ram_ROMSize = (__m_interrupts_ram_RAMEnd - __m_interrupts_ram_RAMStart)
                0x00000200                __RAM_VECTOR_TABLE_SIZE_BYTES = (__m_interrupts_ram_RAMEnd - __m_interrupts_ram_RAMStart)

.bss            0x1ffffe7c      0x1cc load address 0x000058bc
                0x1ffffe7c                . = ALIGN (0x4)
                0x1ffffe7c                __START_BSS = .
                0x1ffffe7c                __bss_start__ = .
 *(.bss)
 .bss           0x1ffffe7c       0x1c c:/freescale/kds_3.0.0/toolchain/bin/../lib/gcc/arm-none-eabi/4.8.4/armv6-m/crtbegin.o
 *(.bss*)
 .bss.NMEA_CMD  0x1ffffe98        0x1 ./Sources/gps.o
 .bss.NMEA_CMD_Index
                0x1ffffe99        0x1 ./Sources/gps.o
 .bss.NMEA_CMD_Parsered
                0x1ffffe9a        0x1 ./Sources/gps.o
 .bss.NMEA_DAT_Block
                0x1ffffe9b        0x1 ./Sources/gps.o
 .bss.NMEA_DAT_BlockIndex
                0x1ffffe9c        0x1 ./Sources/gps.o
 .bss.NMEA_CMD_Start
                0x1ffffe9d        0x1 ./Sources/gps.o
 .bss.ReciveFlag
                0x1ffffe9e        0x1 ./Sources/gps.o
 .bss.ucTempA   0x1ffffe9f        0x1 ./Sources/gps.o
 .bss.SateInfoIndex
                0x1ffffea0        0x1 ./Sources/gps.o
 *fill*         0x1ffffea1        0x3 
 .bss.TxBuff    0x1ffffea4       0x14 ./Sources/i2c.o
                0x1ffffea4                TxBuff
 .bss.RxBuff    0x1ffffeb8       0x14 ./Sources/i2c.o
                0x1ffffeb8                RxBuff
 .bss.i2c_send_count
                0x1ffffecc        0x1 ./Sources/i2c.o
                0x1ffffecc                i2c_send_count
 .bss.i2c_comand
                0x1ffffecd        0x1 ./Sources/i2c.o
                0x1ffffecd                i2c_comand
 .bss.sys_gpio_test
                0x1ffffece        0x1 ./Sources/main.o
                0x1ffffece                sys_gpio_test
 .bss.SBUF      0x1ffffecf        0x1 ./Sources/uart.o
                0x1ffffecf                SBUF
 .bss.g_interruptDisableCount
                0x1ffffed0        0x4 ./SDK/platform/system/src/interrupt/fsl_interrupt_manager.o
                0x1ffffed0                g_interruptDisableCount
 .bss.g_taskControlBlockPool
                0x1ffffed4       0x50 ./SDK/platform/osa/src/fsl_os_abstraction_bm.o
 .bss.g_freeTaskControlBlock
                0x1fffff24        0x4 ./SDK/platform/osa/src/fsl_os_abstraction_bm.o
 .bss.g_taskListHead
                0x1fffff28       0x10 ./SDK/platform/osa/src/fsl_os_abstraction_bm.o
 .bss.g_i2cStatePtr
                0x1fffff38        0x8 ./SDK/platform/drivers/src/i2c/fsl_i2c_common.o
                0x1fffff38                g_i2cStatePtr
 .bss.SwTimerIsrCounter
                0x1fffff40        0x2 ./Generated_Code/osa1.o
 *fill*         0x1fffff42        0x2 
 .bss.__malloc_sbrk_start
                0x1fffff44        0x4 c:/freescale/kds_3.0.0/toolchain/bin/../lib/gcc/arm-none-eabi/4.8.4/../../../../arm-none-eabi/lib/armv6-m\libg_s.a(lib_a-nano-mallocr.o)
                0x1fffff44                __malloc_sbrk_start
 .bss.__malloc_free_list
                0x1fffff48        0x4 c:/freescale/kds_3.0.0/toolchain/bin/../lib/gcc/arm-none-eabi/4.8.4/../../../../arm-none-eabi/lib/armv6-m\libg_s.a(lib_a-nano-mallocr.o)
                0x1fffff48                __malloc_free_list
 .bss.heap_end.4246
                0x1fffff4c        0x4 c:/freescale/kds_3.0.0/toolchain/bin/../lib/gcc/arm-none-eabi/4.8.4/../../../../arm-none-eabi/lib/armv6-m\libnosys.a(sbrk.o)
 *(COMMON)
 COMMON         0x1fffff50       0x91 ./Sources/gps.o
                0x1fffff50                GPS_GGA_Data
                0x1fffff5c                GPS_RMC_Data
                0x1fffff84                GPS_RMC_Converted
                0x1fffffac                GPS_GSA_Data
                0x1fffffc8                GPS_GSV_Data
 *fill*         0x1fffffe1        0x3 
 COMMON         0x1fffffe4       0x58 ./Sources/i2c.o
                0x1fffffe4                userConfig
                0x1ffffff4                callParam
                0x20000004                slave
 COMMON         0x2000003c        0x8 ./SDK/platform/hal/src/mcg/fsl_mcg_hal.o
                0x2000003c                g_xtal0ClkFreq
                0x20000040                g_xtalRtcClkFreq
 COMMON         0x20000044        0x4 c:/freescale/kds_3.0.0/toolchain/bin/../lib/gcc/arm-none-eabi/4.8.4/../../../../arm-none-eabi/lib/armv6-m\libg_s.a(lib_a-reent.o)
                0x20000044                errno
                0x20000048                . = ALIGN (0x4)
                0x20000048                __bss_end__ = .
                0x20000048                __END_BSS = .

.heap           0x20000048        0x0
                0x20000048                . = ALIGN (0x8)
                0x20000048                __end__ = .
                0x20000048                PROVIDE (end, .)
                0x20000048                __HeapBase = .
                0x20000048                . = (. + HEAP_SIZE)
                0x20000048                __HeapLimit = .

.stack          0x20000048      0x100 load address 0x00005a88
                0x20000048                . = ALIGN (0x8)
                0x20000148                . = (. + STACK_SIZE)
 *fill*         0x20000048      0x100 
                0x20000c00                __StackTop = (ORIGIN (m_data) + 0xe00)
                0x20000b00                __StackLimit = (__StackTop - STACK_SIZE)
                0x20000c00                PROVIDE (__stack, __StackTop)

.ARM.attributes
                0x00000000       0x28
 *(.ARM.attributes)
 .ARM.attributes
                0x00000000       0x1e c:/freescale/kds_3.0.0/toolchain/bin/../lib/gcc/arm-none-eabi/4.8.4/armv6-m/crti.o
 .ARM.attributes
                0x0000001e       0x2c c:/freescale/kds_3.0.0/toolchain/bin/../lib/gcc/arm-none-eabi/4.8.4/armv6-m/crtbegin.o
 .ARM.attributes
                0x0000004a       0x1b c:/freescale/kds_3.0.0/toolchain/bin/../lib/gcc/arm-none-eabi/4.8.4/../../../../arm-none-eabi/lib/armv6-m/crt0.o
 .ARM.attributes
                0x00000065       0x32 ./Static_Code/System/PE_low_level_init.o
 .ARM.attributes
                0x00000097       0x32 ./Sources/Events.o
 .ARM.attributes
                0x000000c9       0x32 ./Sources/delay.o
 .ARM.attributes
                0x000000fb       0x32 ./Sources/gpio.o
 .ARM.attributes
                0x0000012d       0x32 ./Sources/gps.o
 .ARM.attributes
                0x0000015f       0x32 ./Sources/i2c.o
 .ARM.attributes
                0x00000191       0x32 ./Sources/main.o
 .ARM.attributes
                0x000001c3       0x32 ./Sources/uart.o
 .ARM.attributes
                0x000001f5       0x32 ./SDK/platform/system/src/interrupt/fsl_interrupt_manager.o
 .ARM.attributes
                0x00000227       0x32 ./SDK/platform/system/src/clock/MKL02Z4/fsl_clock_MKL02Z4.o
 .ARM.attributes
                0x00000259       0x32 ./SDK/platform/system/src/clock/fsl_clock_manager.o
 .ARM.attributes
                0x0000028b       0x32 ./SDK/platform/system/src/clock/fsl_clock_manager_common.o
 .ARM.attributes
                0x000002bd       0x32 ./SDK/platform/osa/src/fsl_os_abstraction_bm.o
 .ARM.attributes
                0x000002ef       0x32 ./SDK/platform/hal/src/mcg/fsl_mcg_hal.o
 .ARM.attributes
                0x00000321       0x32 ./SDK/platform/hal/src/lpsci/fsl_lpsci_hal.o
 .ARM.attributes
                0x00000353       0x32 ./SDK/platform/hal/src/i2c/fsl_i2c_hal.o
 .ARM.attributes
                0x00000385       0x32 ./SDK/platform/hal/src/gpio/fsl_gpio_hal.o
 .ARM.attributes
                0x000003b7       0x32 ./SDK/platform/drivers/src/i2c/fsl_i2c_common.o
 .ARM.attributes
                0x000003e9       0x32 ./SDK/platform/drivers/src/i2c/fsl_i2c_master_driver.o
 .ARM.attributes
                0x0000041b       0x32 ./SDK/platform/drivers/src/i2c/fsl_i2c_shared_function.o
 .ARM.attributes
                0x0000044d       0x32 ./SDK/platform/drivers/src/i2c/fsl_i2c_slave_driver.o
 .ARM.attributes
                0x0000047f       0x1b ./SDK/platform/devices/MKL02Z4/startup/gcc/startup_MKL02Z4.o
 .ARM.attributes
                0x0000049a       0x32 ./SDK/platform/devices/MKL02Z4/startup/system_MKL02Z4.o
 .ARM.attributes
                0x000004cc       0x32 ./SDK/platform/devices/startup.o
 .ARM.attributes
                0x000004fe       0x32 ./Generated_Code/Cpu.o
 .ARM.attributes
                0x00000530       0x32 ./Generated_Code/hardware_init.o
 .ARM.attributes
                0x00000562       0x32 ./Generated_Code/osa1.o
 .ARM.attributes
                0x00000594       0x32 ./Generated_Code/pin_mux.o
 .ARM.attributes
                0x000005c6       0x1e c:/freescale/kds_3.0.0/toolchain/bin/../lib/gcc/arm-none-eabi/4.8.4/armv6-m\libgcc.a(_udivsi3.o)
 .ARM.attributes
                0x000005e4       0x1e c:/freescale/kds_3.0.0/toolchain/bin/../lib/gcc/arm-none-eabi/4.8.4/armv6-m\libgcc.a(_dvmd_tls.o)
 .ARM.attributes
                0x00000602       0x1e c:/freescale/kds_3.0.0/toolchain/bin/../lib/gcc/arm-none-eabi/4.8.4/armv6-m\libgcc.a(_aeabi_uldivmod.o)
 .ARM.attributes
                0x00000620       0x2c c:/freescale/kds_3.0.0/toolchain/bin/../lib/gcc/arm-none-eabi/4.8.4/armv6-m\libgcc.a(_muldi3.o)
 .ARM.attributes
                0x0000064c       0x2c c:/freescale/kds_3.0.0/toolchain/bin/../lib/gcc/arm-none-eabi/4.8.4/armv6-m\libgcc.a(bpabi.o)
 .ARM.attributes
                0x00000678       0x2c c:/freescale/kds_3.0.0/toolchain/bin/../lib/gcc/arm-none-eabi/4.8.4/armv6-m\libgcc.a(_divdi3.o)
 .ARM.attributes
                0x000006a4       0x2c c:/freescale/kds_3.0.0/toolchain/bin/../lib/gcc/arm-none-eabi/4.8.4/armv6-m\libgcc.a(_udivdi3.o)
 .ARM.attributes
                0x000006d0       0x1e c:/freescale/kds_3.0.0/toolchain/bin/../lib/gcc/arm-none-eabi/4.8.4/armv6-m\libgcc.a(_clzsi2.o)
 .ARM.attributes
                0x000006ee       0x2c c:/freescale/kds_3.0.0/toolchain/bin/../lib/gcc/arm-none-eabi/4.8.4/../../../../arm-none-eabi/lib/armv6-m\libg_s.a(lib_a-assert.o)
 .ARM.attributes
                0x0000071a       0x2c c:/freescale/kds_3.0.0/toolchain/bin/../lib/gcc/arm-none-eabi/4.8.4/../../../../arm-none-eabi/lib/armv6-m\libg_s.a(lib_a-exit.o)
 .ARM.attributes
                0x00000746       0x2c c:/freescale/kds_3.0.0/toolchain/bin/../lib/gcc/arm-none-eabi/4.8.4/../../../../arm-none-eabi/lib/armv6-m\libg_s.a(lib_a-fprintf.o)
 .ARM.attributes
                0x00000772       0x2c c:/freescale/kds_3.0.0/toolchain/bin/../lib/gcc/arm-none-eabi/4.8.4/../../../../arm-none-eabi/lib/armv6-m\libg_s.a(lib_a-impure.o)
 .ARM.attributes
                0x0000079e       0x2c c:/freescale/kds_3.0.0/toolchain/bin/../lib/gcc/arm-none-eabi/4.8.4/../../../../arm-none-eabi/lib/armv6-m\libg_s.a(lib_a-init.o)
 .ARM.attributes
                0x000007ca       0x2c c:/freescale/kds_3.0.0/toolchain/bin/../lib/gcc/arm-none-eabi/4.8.4/../../../../arm-none-eabi/lib/armv6-m\libg_s.a(lib_a-memset.o)
 .ARM.attributes
                0x000007f6       0x2c c:/freescale/kds_3.0.0/toolchain/bin/../lib/gcc/arm-none-eabi/4.8.4/../../../../arm-none-eabi/lib/armv6-m\libg_s.a(lib_a-nano-freer.o)
 .ARM.attributes
                0x00000822       0x2c c:/freescale/kds_3.0.0/toolchain/bin/../lib/gcc/arm-none-eabi/4.8.4/../../../../arm-none-eabi/lib/armv6-m\libg_s.a(lib_a-nano-mallocr.o)
 .ARM.attributes
                0x0000084e       0x2c c:/freescale/kds_3.0.0/toolchain/bin/../lib/gcc/arm-none-eabi/4.8.4/../../../../arm-none-eabi/lib/armv6-m\libg_s.a(lib_a-sbrkr.o)
 .ARM.attributes
                0x0000087a       0x2c c:/freescale/kds_3.0.0/toolchain/bin/../lib/gcc/arm-none-eabi/4.8.4/../../../../arm-none-eabi/lib/armv6-m\libg_s.a(lib_a-vfprintf.o)
 .ARM.attributes
                0x000008a6       0x2c c:/freescale/kds_3.0.0/toolchain/bin/../lib/gcc/arm-none-eabi/4.8.4/../../../../arm-none-eabi/lib/armv6-m\libg_s.a(lib_a-vfprintf_i.o)
 .ARM.attributes
                0x000008d2       0x2c c:/freescale/kds_3.0.0/toolchain/bin/../lib/gcc/arm-none-eabi/4.8.4/../../../../arm-none-eabi/lib/armv6-m\libg_s.a(lib_a-wbuf.o)
 .ARM.attributes
                0x000008fe       0x2c c:/freescale/kds_3.0.0/toolchain/bin/../lib/gcc/arm-none-eabi/4.8.4/../../../../arm-none-eabi/lib/armv6-m\libg_s.a(lib_a-wsetup.o)
 .ARM.attributes
                0x0000092a       0x2c c:/freescale/kds_3.0.0/toolchain/bin/../lib/gcc/arm-none-eabi/4.8.4/../../../../arm-none-eabi/lib/armv6-m\libg_s.a(lib_a-abort.o)
 .ARM.attributes
                0x00000956       0x2c c:/freescale/kds_3.0.0/toolchain/bin/../lib/gcc/arm-none-eabi/4.8.4/../../../../arm-none-eabi/lib/armv6-m\libg_s.a(lib_a-fflush.o)
 .ARM.attributes
                0x00000982       0x2c c:/freescale/kds_3.0.0/toolchain/bin/../lib/gcc/arm-none-eabi/4.8.4/../../../../arm-none-eabi/lib/armv6-m\libg_s.a(lib_a-findfp.o)
 .ARM.attributes
                0x000009ae       0x2c c:/freescale/kds_3.0.0/toolchain/bin/../lib/gcc/arm-none-eabi/4.8.4/../../../../arm-none-eabi/lib/armv6-m\libg_s.a(lib_a-makebuf.o)
 .ARM.attributes
                0x000009da       0x2c c:/freescale/kds_3.0.0/toolchain/bin/../lib/gcc/arm-none-eabi/4.8.4/../../../../arm-none-eabi/lib/armv6-m\libg_s.a(lib_a-memchr-stub.o)
 .ARM.attributes
                0x00000a06       0x2c c:/freescale/kds_3.0.0/toolchain/bin/../lib/gcc/arm-none-eabi/4.8.4/../../../../arm-none-eabi/lib/armv6-m\libg_s.a(lib_a-reent.o)
 .ARM.attributes
                0x00000a32       0x2c c:/freescale/kds_3.0.0/toolchain/bin/../lib/gcc/arm-none-eabi/4.8.4/../../../../arm-none-eabi/lib/armv6-m\libg_s.a(lib_a-signal.o)
 .ARM.attributes
                0x00000a5e       0x2c c:/freescale/kds_3.0.0/toolchain/bin/../lib/gcc/arm-none-eabi/4.8.4/../../../../arm-none-eabi/lib/armv6-m\libg_s.a(lib_a-signalr.o)
 .ARM.attributes
                0x00000a8a       0x2c c:/freescale/kds_3.0.0/toolchain/bin/../lib/gcc/arm-none-eabi/4.8.4/../../../../arm-none-eabi/lib/armv6-m\libg_s.a(lib_a-stdio.o)
 .ARM.attributes
                0x00000ab6       0x2c c:/freescale/kds_3.0.0/toolchain/bin/../lib/gcc/arm-none-eabi/4.8.4/../../../../arm-none-eabi/lib/armv6-m\libg_s.a(lib_a-strlen.o)
 .ARM.attributes
                0x00000ae2       0x2c c:/freescale/kds_3.0.0/toolchain/bin/../lib/gcc/arm-none-eabi/4.8.4/../../../../arm-none-eabi/lib/armv6-m\libg_s.a(lib_a-writer.o)
 .ARM.attributes
                0x00000b0e       0x2c c:/freescale/kds_3.0.0/toolchain/bin/../lib/gcc/arm-none-eabi/4.8.4/../../../../arm-none-eabi/lib/armv6-m\libg_s.a(lib_a-closer.o)
 .ARM.attributes
                0x00000b3a       0x2c c:/freescale/kds_3.0.0/toolchain/bin/../lib/gcc/arm-none-eabi/4.8.4/../../../../arm-none-eabi/lib/armv6-m\libg_s.a(lib_a-fstatr.o)
 .ARM.attributes
                0x00000b66       0x2c c:/freescale/kds_3.0.0/toolchain/bin/../lib/gcc/arm-none-eabi/4.8.4/../../../../arm-none-eabi/lib/armv6-m\libg_s.a(lib_a-isattyr.o)
 .ARM.attributes
                0x00000b92       0x2c c:/freescale/kds_3.0.0/toolchain/bin/../lib/gcc/arm-none-eabi/4.8.4/../../../../arm-none-eabi/lib/armv6-m\libg_s.a(lib_a-lseekr.o)
 .ARM.attributes
                0x00000bbe       0x2c c:/freescale/kds_3.0.0/toolchain/bin/../lib/gcc/arm-none-eabi/4.8.4/../../../../arm-none-eabi/lib/armv6-m\libg_s.a(lib_a-readr.o)
 .ARM.attributes
                0x00000bea       0x2c c:/freescale/kds_3.0.0/toolchain/bin/../lib/gcc/arm-none-eabi/4.8.4/../../../../arm-none-eabi/lib/armv6-m\libnosys.a(close.o)
 .ARM.attributes
                0x00000c16       0x2c c:/freescale/kds_3.0.0/toolchain/bin/../lib/gcc/arm-none-eabi/4.8.4/../../../../arm-none-eabi/lib/armv6-m\libnosys.a(fstat.o)
 .ARM.attributes
                0x00000c42       0x2c c:/freescale/kds_3.0.0/toolchain/bin/../lib/gcc/arm-none-eabi/4.8.4/../../../../arm-none-eabi/lib/armv6-m\libnosys.a(getpid.o)
 .ARM.attributes
                0x00000c6e       0x2c c:/freescale/kds_3.0.0/toolchain/bin/../lib/gcc/arm-none-eabi/4.8.4/../../../../arm-none-eabi/lib/armv6-m\libnosys.a(isatty.o)
 .ARM.attributes
                0x00000c9a       0x2c c:/freescale/kds_3.0.0/toolchain/bin/../lib/gcc/arm-none-eabi/4.8.4/../../../../arm-none-eabi/lib/armv6-m\libnosys.a(kill.o)
 .ARM.attributes
                0x00000cc6       0x2c c:/freescale/kds_3.0.0/toolchain/bin/../lib/gcc/arm-none-eabi/4.8.4/../../../../arm-none-eabi/lib/armv6-m\libnosys.a(lseek.o)
 .ARM.attributes
                0x00000cf2       0x2c c:/freescale/kds_3.0.0/toolchain/bin/../lib/gcc/arm-none-eabi/4.8.4/../../../../arm-none-eabi/lib/armv6-m\libnosys.a(read.o)
 .ARM.attributes
                0x00000d1e       0x2c c:/freescale/kds_3.0.0/toolchain/bin/../lib/gcc/arm-none-eabi/4.8.4/../../../../arm-none-eabi/lib/armv6-m\libnosys.a(sbrk.o)
 .ARM.attributes
                0x00000d4a       0x2c c:/freescale/kds_3.0.0/toolchain/bin/../lib/gcc/arm-none-eabi/4.8.4/../../../../arm-none-eabi/lib/armv6-m\libnosys.a(write.o)
 .ARM.attributes
                0x00000d76       0x2c c:/freescale/kds_3.0.0/toolchain/bin/../lib/gcc/arm-none-eabi/4.8.4/../../../../arm-none-eabi/lib/armv6-m\libnosys.a(_exit.o)
 .ARM.attributes
                0x00000da2       0x2c c:/freescale/kds_3.0.0/toolchain/bin/../lib/gcc/arm-none-eabi/4.8.4/armv6-m/crtend.o
 .ARM.attributes
                0x00000dce       0x1e c:/freescale/kds_3.0.0/toolchain/bin/../lib/gcc/arm-none-eabi/4.8.4/armv6-m/crtn.o
OUTPUT(xadow_phone_gps_v2.elf elf32-littlearm)

.debug_info     0x00000000     0xb01c
 .debug_info    0x00000000      0x18d ./Static_Code/System/PE_low_level_init.o
 .debug_info    0x0000018d      0x18d ./Sources/Events.o
 .debug_info    0x0000031a       0xcc ./Sources/delay.o
 .debug_info    0x000003e6      0x188 ./Sources/gpio.o
 .debug_info    0x0000056e      0x486 ./Sources/gps.o
 .debug_info    0x000009f4      0x930 ./Sources/i2c.o
 .debug_info    0x00001324      0x58d ./Sources/main.o
 .debug_info    0x000018b1      0x5fe ./Sources/uart.o
 .debug_info    0x00001eaf      0x290 ./SDK/platform/system/src/interrupt/fsl_interrupt_manager.o
 .debug_info    0x0000213f     0x121f ./SDK/platform/system/src/clock/MKL02Z4/fsl_clock_MKL02Z4.o
 .debug_info    0x0000335e      0xcff ./SDK/platform/system/src/clock/fsl_clock_manager.o
 .debug_info    0x0000405d      0x3fd ./SDK/platform/system/src/clock/fsl_clock_manager_common.o
 .debug_info    0x0000445a      0xefd ./SDK/platform/osa/src/fsl_os_abstraction_bm.o
 .debug_info    0x00005357      0x978 ./SDK/platform/hal/src/mcg/fsl_mcg_hal.o
 .debug_info    0x00005ccf      0x8dd ./SDK/platform/hal/src/lpsci/fsl_lpsci_hal.o
 .debug_info    0x000065ac      0x88b ./SDK/platform/hal/src/i2c/fsl_i2c_hal.o
 .debug_info    0x00006e37      0x2f0 ./SDK/platform/hal/src/gpio/fsl_gpio_hal.o
 .debug_info    0x00007127      0x277 ./SDK/platform/drivers/src/i2c/fsl_i2c_common.o
 .debug_info    0x0000739e     0x111b ./SDK/platform/drivers/src/i2c/fsl_i2c_master_driver.o
 .debug_info    0x000084b9      0x1e6 ./SDK/platform/drivers/src/i2c/fsl_i2c_shared_function.o
 .debug_info    0x0000869f     0x109a ./SDK/platform/drivers/src/i2c/fsl_i2c_slave_driver.o
 .debug_info    0x00009739       0x9d ./SDK/platform/devices/MKL02Z4/startup/gcc/startup_MKL02Z4.o
 .debug_info    0x000097d6      0x533 ./SDK/platform/devices/MKL02Z4/startup/system_MKL02Z4.o
 .debug_info    0x00009d09      0x296 ./SDK/platform/devices/startup.o
 .debug_info    0x00009f9f      0x17c ./Generated_Code/Cpu.o
 .debug_info    0x0000a11b      0x350 ./Generated_Code/hardware_init.o
 .debug_info    0x0000a46b      0x5a6 ./Generated_Code/osa1.o
 .debug_info    0x0000aa11      0x60b ./Generated_Code/pin_mux.o

.debug_abbrev   0x00000000     0x2770
 .debug_abbrev  0x00000000       0xb5 ./Static_Code/System/PE_low_level_init.o
 .debug_abbrev  0x000000b5       0xcd ./Sources/Events.o
 .debug_abbrev  0x00000182       0x79 ./Sources/delay.o
 .debug_abbrev  0x000001fb       0xff ./Sources/gpio.o
 .debug_abbrev  0x000002fa      0x149 ./Sources/gps.o
 .debug_abbrev  0x00000443      0x1eb ./Sources/i2c.o
 .debug_abbrev  0x0000062e      0x182 ./Sources/main.o
 .debug_abbrev  0x000007b0      0x189 ./Sources/uart.o
 .debug_abbrev  0x00000939      0x128 ./SDK/platform/system/src/interrupt/fsl_interrupt_manager.o
 .debug_abbrev  0x00000a61      0x29e ./SDK/platform/system/src/clock/MKL02Z4/fsl_clock_MKL02Z4.o
 .debug_abbrev  0x00000cff      0x24d ./SDK/platform/system/src/clock/fsl_clock_manager.o
 .debug_abbrev  0x00000f4c       0xde ./SDK/platform/system/src/clock/fsl_clock_manager_common.o
 .debug_abbrev  0x0000102a      0x21f ./SDK/platform/osa/src/fsl_os_abstraction_bm.o
 .debug_abbrev  0x00001249      0x22c ./SDK/platform/hal/src/mcg/fsl_mcg_hal.o
 .debug_abbrev  0x00001475      0x211 ./SDK/platform/hal/src/lpsci/fsl_lpsci_hal.o
 .debug_abbrev  0x00001686      0x226 ./SDK/platform/hal/src/i2c/fsl_i2c_hal.o
 .debug_abbrev  0x000018ac      0x11b ./SDK/platform/hal/src/gpio/fsl_gpio_hal.o
 .debug_abbrev  0x000019c7       0xb8 ./SDK/platform/drivers/src/i2c/fsl_i2c_common.o
 .debug_abbrev  0x00001a7f      0x295 ./SDK/platform/drivers/src/i2c/fsl_i2c_master_driver.o
 .debug_abbrev  0x00001d14      0x10b ./SDK/platform/drivers/src/i2c/fsl_i2c_shared_function.o
 .debug_abbrev  0x00001e1f      0x246 ./SDK/platform/drivers/src/i2c/fsl_i2c_slave_driver.o
 .debug_abbrev  0x00002065       0x14 ./SDK/platform/devices/MKL02Z4/startup/gcc/startup_MKL02Z4.o
 .debug_abbrev  0x00002079      0x109 ./SDK/platform/devices/MKL02Z4/startup/system_MKL02Z4.o
 .debug_abbrev  0x00002182       0xe9 ./SDK/platform/devices/startup.o
 .debug_abbrev  0x0000226b       0xb5 ./Generated_Code/Cpu.o
 .debug_abbrev  0x00002320      0x10c ./Generated_Code/hardware_init.o
 .debug_abbrev  0x0000242c      0x1d0 ./Generated_Code/osa1.o
 .debug_abbrev  0x000025fc      0x174 ./Generated_Code/pin_mux.o

.debug_aranges  0x00000000      0xbd8
 .debug_aranges
                0x00000000       0x28 ./Static_Code/System/PE_low_level_init.o
 .debug_aranges
                0x00000028       0x28 ./Sources/Events.o
 .debug_aranges
                0x00000050       0x28 ./Sources/delay.o
 .debug_aranges
                0x00000078       0x28 ./Sources/gpio.o
 .debug_aranges
                0x000000a0       0x58 ./Sources/gps.o
 .debug_aranges
                0x000000f8       0x38 ./Sources/i2c.o
 .debug_aranges
                0x00000130       0x48 ./Sources/main.o
 .debug_aranges
                0x00000178       0x50 ./Sources/uart.o
 .debug_aranges
                0x000001c8       0x30 ./SDK/platform/system/src/interrupt/fsl_interrupt_manager.o
 .debug_aranges
                0x000001f8      0x188 ./SDK/platform/system/src/clock/MKL02Z4/fsl_clock_MKL02Z4.o
 .debug_aranges
                0x00000380       0xb0 ./SDK/platform/system/src/clock/fsl_clock_manager.o
 .debug_aranges
                0x00000430       0x18 ./SDK/platform/system/src/clock/fsl_clock_manager_common.o
 .debug_aranges
                0x00000448      0x148 ./SDK/platform/osa/src/fsl_os_abstraction_bm.o
 .debug_aranges
                0x00000590       0xa8 ./SDK/platform/hal/src/mcg/fsl_mcg_hal.o
 .debug_aranges
                0x00000638       0xb8 ./SDK/platform/hal/src/lpsci/fsl_lpsci_hal.o
 .debug_aranges
                0x000006f0       0xc8 ./SDK/platform/hal/src/i2c/fsl_i2c_hal.o
 .debug_aranges
                0x000007b8       0x38 ./SDK/platform/hal/src/gpio/fsl_gpio_hal.o
 .debug_aranges
                0x000007f0       0x18 ./SDK/platform/drivers/src/i2c/fsl_i2c_common.o
 .debug_aranges
                0x00000808      0x118 ./SDK/platform/drivers/src/i2c/fsl_i2c_master_driver.o
 .debug_aranges
                0x00000920       0x28 ./SDK/platform/drivers/src/i2c/fsl_i2c_shared_function.o
 .debug_aranges
                0x00000948      0x118 ./SDK/platform/drivers/src/i2c/fsl_i2c_slave_driver.o
 .debug_aranges
                0x00000a60       0x20 ./SDK/platform/devices/MKL02Z4/startup/gcc/startup_MKL02Z4.o
 .debug_aranges
                0x00000a80       0x28 ./SDK/platform/devices/MKL02Z4/startup/system_MKL02Z4.o
 .debug_aranges
                0x00000aa8       0x20 ./SDK/platform/devices/startup.o
 .debug_aranges
                0x00000ac8       0x20 ./Generated_Code/Cpu.o
 .debug_aranges
                0x00000ae8       0x28 ./Generated_Code/hardware_init.o
 .debug_aranges
                0x00000b10       0x48 ./Generated_Code/osa1.o
 .debug_aranges
                0x00000b58       0x80 ./Generated_Code/pin_mux.o

.debug_ranges   0x00000000      0x9f8
 .debug_ranges  0x00000000       0x18 ./Static_Code/System/PE_low_level_init.o
 .debug_ranges  0x00000018       0x18 ./Sources/Events.o
 .debug_ranges  0x00000030       0x18 ./Sources/delay.o
 .debug_ranges  0x00000048       0x18 ./Sources/gpio.o
 .debug_ranges  0x00000060       0x48 ./Sources/gps.o
 .debug_ranges  0x000000a8       0x28 ./Sources/i2c.o
 .debug_ranges  0x000000d0       0x38 ./Sources/main.o
 .debug_ranges  0x00000108       0x40 ./Sources/uart.o
 .debug_ranges  0x00000148       0x20 ./SDK/platform/system/src/interrupt/fsl_interrupt_manager.o
 .debug_ranges  0x00000168      0x178 ./SDK/platform/system/src/clock/MKL02Z4/fsl_clock_MKL02Z4.o
 .debug_ranges  0x000002e0       0xa0 ./SDK/platform/system/src/clock/fsl_clock_manager.o
 .debug_ranges  0x00000380      0x138 ./SDK/platform/osa/src/fsl_os_abstraction_bm.o
 .debug_ranges  0x000004b8       0x98 ./SDK/platform/hal/src/mcg/fsl_mcg_hal.o
 .debug_ranges  0x00000550       0xa8 ./SDK/platform/hal/src/lpsci/fsl_lpsci_hal.o
 .debug_ranges  0x000005f8       0xb8 ./SDK/platform/hal/src/i2c/fsl_i2c_hal.o
 .debug_ranges  0x000006b0       0x28 ./SDK/platform/hal/src/gpio/fsl_gpio_hal.o
 .debug_ranges  0x000006d8      0x108 ./SDK/platform/drivers/src/i2c/fsl_i2c_master_driver.o
 .debug_ranges  0x000007e0       0x18 ./SDK/platform/drivers/src/i2c/fsl_i2c_shared_function.o
 .debug_ranges  0x000007f8      0x108 ./SDK/platform/drivers/src/i2c/fsl_i2c_slave_driver.o
 .debug_ranges  0x00000900       0x18 ./SDK/platform/devices/MKL02Z4/startup/system_MKL02Z4.o
 .debug_ranges  0x00000918       0x10 ./SDK/platform/devices/startup.o
 .debug_ranges  0x00000928       0x10 ./Generated_Code/Cpu.o
 .debug_ranges  0x00000938       0x18 ./Generated_Code/hardware_init.o
 .debug_ranges  0x00000950       0x38 ./Generated_Code/osa1.o
 .debug_ranges  0x00000988       0x70 ./Generated_Code/pin_mux.o

.debug_macro    0x00000000     0xe5c2
 .debug_macro   0x00000000      0x30d ./Static_Code/System/PE_low_level_init.o
 .debug_macro   0x0000030d      0x80e ./Static_Code/System/PE_low_level_init.o
 .debug_macro   0x00000b1b       0x11 ./Static_Code/System/PE_low_level_init.o
 .debug_macro   0x00000b2c       0x16 ./Static_Code/System/PE_low_level_init.o
 .debug_macro   0x00000b42       0x16 ./Static_Code/System/PE_low_level_init.o
 .debug_macro   0x00000b58       0x44 ./Static_Code/System/PE_low_level_init.o
 .debug_macro   0x00000b9c      0x209 ./Static_Code/System/PE_low_level_init.o
 .debug_macro   0x00000da5       0x39 ./Static_Code/System/PE_low_level_init.o
 .debug_macro   0x00000dde       0x3a ./Static_Code/System/PE_low_level_init.o
 .debug_macro   0x00000e18       0x1f ./Static_Code/System/PE_low_level_init.o
 .debug_macro   0x00000e37      0x250 ./Static_Code/System/PE_low_level_init.o
 .debug_macro   0x00001087       0x96 ./Static_Code/System/PE_low_level_init.o
 .debug_macro   0x0000111d     0x4b05 ./Static_Code/System/PE_low_level_init.o
 .debug_macro   0x00005c22       0x58 ./Static_Code/System/PE_low_level_init.o
 .debug_macro   0x00005c7a       0x35 ./Static_Code/System/PE_low_level_init.o
 .debug_macro   0x00005caf       0xa3 ./Static_Code/System/PE_low_level_init.o
 .debug_macro   0x00005d52       0x16 ./Static_Code/System/PE_low_level_init.o
 .debug_macro   0x00005d68      0x10e ./Static_Code/System/PE_low_level_init.o
 .debug_macro   0x00005e76       0x7f ./Static_Code/System/PE_low_level_init.o
 .debug_macro   0x00005ef5       0x52 ./Static_Code/System/PE_low_level_init.o
 .debug_macro   0x00005f47       0x16 ./Static_Code/System/PE_low_level_init.o
 .debug_macro   0x00005f5d       0x43 ./Static_Code/System/PE_low_level_init.o
 .debug_macro   0x00005fa0      0x180 ./Static_Code/System/PE_low_level_init.o
 .debug_macro   0x00006120       0x22 ./Static_Code/System/PE_low_level_init.o
 .debug_macro   0x00006142       0x7c ./Static_Code/System/PE_low_level_init.o
 .debug_macro   0x000061be     0x3d57 ./Static_Code/System/PE_low_level_init.o
 .debug_macro   0x00009f15      0xc29 ./Static_Code/System/PE_low_level_init.o
 .debug_macro   0x0000ab3e       0x22 ./Static_Code/System/PE_low_level_init.o
 .debug_macro   0x0000ab60       0x16 ./Static_Code/System/PE_low_level_init.o
 .debug_macro   0x0000ab76       0x10 ./Static_Code/System/PE_low_level_init.o
 .debug_macro   0x0000ab86       0x11 ./Static_Code/System/PE_low_level_init.o
 .debug_macro   0x0000ab97       0x10 ./Static_Code/System/PE_low_level_init.o
 .debug_macro   0x0000aba7       0x12 ./Static_Code/System/PE_low_level_init.o
 .debug_macro   0x0000abb9       0x10 ./Static_Code/System/PE_low_level_init.o
 .debug_macro   0x0000abc9       0x3e ./Static_Code/System/PE_low_level_init.o
 .debug_macro   0x0000ac07       0x12 ./Static_Code/System/PE_low_level_init.o
 .debug_macro   0x0000ac19       0x10 ./Static_Code/System/PE_low_level_init.o
 .debug_macro   0x0000ac29       0x22 ./Static_Code/System/PE_low_level_init.o
 .debug_macro   0x0000ac4b       0x10 ./Static_Code/System/PE_low_level_init.o
 .debug_macro   0x0000ac5b       0x1c ./Static_Code/System/PE_low_level_init.o
 .debug_macro   0x0000ac77      0x2f3 ./Sources/Events.o
 .debug_macro   0x0000af6a      0x111 ./Sources/delay.o
 .debug_macro   0x0000b07b      0x178 ./Sources/gpio.o
 .debug_macro   0x0000b1f3       0x4a ./Sources/gpio.o
 .debug_macro   0x0000b23d       0x4b ./Sources/gpio.o
 .debug_macro   0x0000b288       0x6c ./Sources/gps.o
 .debug_macro   0x0000b2f4       0xdc ./Sources/gps.o
 .debug_macro   0x0000b3d0      0x1eb ./Sources/i2c.o
 .debug_macro   0x0000b5bb      0x2a6 ./Sources/i2c.o
 .debug_macro   0x0000b861       0x10 ./Sources/i2c.o
 .debug_macro   0x0000b871       0x35 ./Sources/i2c.o
 .debug_macro   0x0000b8a6      0x20f ./Sources/i2c.o
 .debug_macro   0x0000bab5       0x82 ./Sources/i2c.o
 .debug_macro   0x0000bb37      0x31a ./Sources/main.o
 .debug_macro   0x0000be51      0x2df ./Sources/uart.o
 .debug_macro   0x0000c130      0x177 ./SDK/platform/system/src/interrupt/fsl_interrupt_manager.o
 .debug_macro   0x0000c2a7      0x1ec ./SDK/platform/system/src/clock/MKL02Z4/fsl_clock_MKL02Z4.o
 .debug_macro   0x0000c493      0x221 ./SDK/platform/system/src/clock/fsl_clock_manager.o
 .debug_macro   0x0000c6b4      0x1ee ./SDK/platform/system/src/clock/fsl_clock_manager_common.o
 .debug_macro   0x0000c8a2      0x218 ./SDK/platform/osa/src/fsl_os_abstraction_bm.o
 .debug_macro   0x0000caba      0x179 ./SDK/platform/hal/src/mcg/fsl_mcg_hal.o
 .debug_macro   0x0000cc33      0x174 ./SDK/platform/hal/src/lpsci/fsl_lpsci_hal.o
 .debug_macro   0x0000cda7      0x17c ./SDK/platform/hal/src/i2c/fsl_i2c_hal.o
 .debug_macro   0x0000cf23       0x34 ./SDK/platform/hal/src/i2c/fsl_i2c_hal.o
 .debug_macro   0x0000cf57      0x16e ./SDK/platform/hal/src/gpio/fsl_gpio_hal.o
 .debug_macro   0x0000d0c5      0x15d ./SDK/platform/drivers/src/i2c/fsl_i2c_common.o
 .debug_macro   0x0000d222      0x267 ./SDK/platform/drivers/src/i2c/fsl_i2c_master_driver.o
 .debug_macro   0x0000d489      0x166 ./SDK/platform/drivers/src/i2c/fsl_i2c_master_driver.o
 .debug_macro   0x0000d5ef      0x186 ./SDK/platform/drivers/src/i2c/fsl_i2c_shared_function.o
 .debug_macro   0x0000d775      0x267 ./SDK/platform/drivers/src/i2c/fsl_i2c_slave_driver.o
 .debug_macro   0x0000d9dc      0x158 ./SDK/platform/devices/MKL02Z4/startup/system_MKL02Z4.o
 .debug_macro   0x0000db34      0x167 ./SDK/platform/devices/startup.o
 .debug_macro   0x0000dc9b      0x306 ./Generated_Code/Cpu.o
 .debug_macro   0x0000dfa1      0x1b6 ./Generated_Code/hardware_init.o
 .debug_macro   0x0000e157      0x2c6 ./Generated_Code/osa1.o
 .debug_macro   0x0000e41d      0x1a5 ./Generated_Code/pin_mux.o

.debug_line     0x00000000     0xbadb
 .debug_line    0x00000000      0x865 ./Static_Code/System/PE_low_level_init.o
 .debug_line    0x00000865      0x7ed ./Sources/Events.o
 .debug_line    0x00001052      0x296 ./Sources/delay.o
 .debug_line    0x000012e8      0x48e ./Sources/gpio.o
 .debug_line    0x00001776      0x3e9 ./Sources/gps.o
 .debug_line    0x00001b5f      0x768 ./Sources/i2c.o
 .debug_line    0x000022c7      0x8a0 ./Sources/main.o
 .debug_line    0x00002b67      0x84f ./Sources/uart.o
 .debug_line    0x000033b6      0x4e9 ./SDK/platform/system/src/interrupt/fsl_interrupt_manager.o
 .debug_line    0x0000389f      0xa65 ./SDK/platform/system/src/clock/MKL02Z4/fsl_clock_MKL02Z4.o
 .debug_line    0x00004304      0x8d7 ./SDK/platform/system/src/clock/fsl_clock_manager.o
 .debug_line    0x00004bdb      0x5eb ./SDK/platform/system/src/clock/fsl_clock_manager_common.o
 .debug_line    0x000051c6      0xaa6 ./SDK/platform/osa/src/fsl_os_abstraction_bm.o
 .debug_line    0x00005c6c      0x680 ./SDK/platform/hal/src/mcg/fsl_mcg_hal.o
 .debug_line    0x000062ec      0x6f5 ./SDK/platform/hal/src/lpsci/fsl_lpsci_hal.o
 .debug_line    0x000069e1      0x7c2 ./SDK/platform/hal/src/i2c/fsl_i2c_hal.o
 .debug_line    0x000071a3      0x4c9 ./SDK/platform/hal/src/gpio/fsl_gpio_hal.o
 .debug_line    0x0000766c      0x3fe ./SDK/platform/drivers/src/i2c/fsl_i2c_common.o
 .debug_line    0x00007a6a      0xb96 ./SDK/platform/drivers/src/i2c/fsl_i2c_master_driver.o
 .debug_line    0x00008600      0x50f ./SDK/platform/drivers/src/i2c/fsl_i2c_shared_function.o
 .debug_line    0x00008b0f      0xb9c ./SDK/platform/drivers/src/i2c/fsl_i2c_slave_driver.o
 .debug_line    0x000096ab       0x77 ./SDK/platform/devices/MKL02Z4/startup/gcc/startup_MKL02Z4.o
 .debug_line    0x00009722      0x488 ./SDK/platform/devices/MKL02Z4/startup/system_MKL02Z4.o
 .debug_line    0x00009baa      0x3c9 ./SDK/platform/devices/startup.o
 .debug_line    0x00009f73      0x83c ./Generated_Code/Cpu.o
 .debug_line    0x0000a7af      0x522 ./Generated_Code/hardware_init.o
 .debug_line    0x0000acd1      0x7f3 ./Generated_Code/osa1.o
 .debug_line    0x0000b4c4      0x617 ./Generated_Code/pin_mux.o

.debug_str      0x00000000    0x5bf99
 .debug_str     0x00000000    0x5650f ./Static_Code/System/PE_low_level_init.o
                              0x569dc (size before relaxing)
 .debug_str     0x0005650f       0x2e ./Sources/Events.o
                              0x56994 (size before relaxing)
 .debug_str     0x0005653d       0x3e ./Sources/delay.o
                               0x46cb (size before relaxing)
 .debug_str     0x0005657b       0x9f ./Sources/gpio.o
                              0x56443 (size before relaxing)
 .debug_str     0x0005661a      0x48f ./Sources/gps.o
                               0x3306 (size before relaxing)
 .debug_str     0x00056aa9     0x143b ./Sources/i2c.o
                              0x57e84 (size before relaxing)
 .debug_str     0x00057ee4      0x233 ./Sources/main.o
                              0x56fb3 (size before relaxing)
 .debug_str     0x00058117      0x31e ./Sources/uart.o
                              0x56c73 (size before relaxing)
 .debug_str     0x00058435      0x2dd ./SDK/platform/system/src/interrupt/fsl_interrupt_manager.o
                              0x56699 (size before relaxing)
 .debug_str     0x00058712      0xcd4 ./SDK/platform/system/src/clock/MKL02Z4/fsl_clock_MKL02Z4.o
                              0x57358 (size before relaxing)
 .debug_str     0x000593e6      0xa8f ./SDK/platform/system/src/clock/fsl_clock_manager.o
                              0x575dd (size before relaxing)
 .debug_str     0x00059e75       0x50 ./SDK/platform/system/src/clock/fsl_clock_manager_common.o
                              0x5662a (size before relaxing)
 .debug_str     0x00059ec5      0x539 ./SDK/platform/osa/src/fsl_os_abstraction_bm.o
                              0x56fef (size before relaxing)
 .debug_str     0x0005a3fe      0x4d0 ./SDK/platform/hal/src/mcg/fsl_mcg_hal.o
                              0x56c0f (size before relaxing)
 .debug_str     0x0005a8ce      0x581 ./SDK/platform/hal/src/lpsci/fsl_lpsci_hal.o
                              0x56bd3 (size before relaxing)
 .debug_str     0x0005ae4f      0x59b ./SDK/platform/hal/src/i2c/fsl_i2c_hal.o
                              0x56b38 (size before relaxing)
 .debug_str     0x0005b3ea       0x80 ./SDK/platform/hal/src/gpio/fsl_gpio_hal.o
                              0x564cb (size before relaxing)
 .debug_str     0x0005b46a       0x4a ./SDK/platform/drivers/src/i2c/fsl_i2c_common.o
                              0x56534 (size before relaxing)
 .debug_str     0x0005b4b4      0x3c7 ./SDK/platform/drivers/src/i2c/fsl_i2c_master_driver.o
                              0x58093 (size before relaxing)
 .debug_str     0x0005b87b       0x4d ./SDK/platform/drivers/src/i2c/fsl_i2c_shared_function.o
                              0x56465 (size before relaxing)
 .debug_str     0x0005b8c8      0x27b ./SDK/platform/drivers/src/i2c/fsl_i2c_slave_driver.o
                              0x58207 (size before relaxing)
 .debug_str     0x0005bb43       0xc7 ./SDK/platform/devices/MKL02Z4/startup/system_MKL02Z4.o
                              0x564cb (size before relaxing)
 .debug_str     0x0005bc0a      0x119 ./SDK/platform/devices/startup.o
                              0x563f9 (size before relaxing)
 .debug_str     0x0005bd23       0x28 ./Generated_Code/Cpu.o
                              0x5698e (size before relaxing)
 .debug_str     0x0005bd4b       0x30 ./Generated_Code/hardware_init.o
                              0x5669f (size before relaxing)
 .debug_str     0x0005bd7b       0xe5 ./Generated_Code/osa1.o
                              0x56cf1 (size before relaxing)
 .debug_str     0x0005be60      0x139 ./Generated_Code/pin_mux.o
                              0x56747 (size before relaxing)

.comment        0x00000000       0x70
 .comment       0x00000000       0x70 ./Static_Code/System/PE_low_level_init.o
                                 0x71 (size before relaxing)
 .comment       0x00000000       0x71 ./Sources/Events.o
 .comment       0x00000000       0x71 ./Sources/delay.o
 .comment       0x00000000       0x71 ./Sources/gpio.o
 .comment       0x00000000       0x71 ./Sources/gps.o
 .comment       0x00000000       0x71 ./Sources/i2c.o
 .comment       0x00000000       0x71 ./Sources/main.o
 .comment       0x00000000       0x71 ./Sources/uart.o
 .comment       0x00000000       0x71 ./SDK/platform/system/src/interrupt/fsl_interrupt_manager.o
 .comment       0x00000000       0x71 ./SDK/platform/system/src/clock/MKL02Z4/fsl_clock_MKL02Z4.o
 .comment       0x00000000       0x71 ./SDK/platform/system/src/clock/fsl_clock_manager.o
 .comment       0x00000000       0x71 ./SDK/platform/system/src/clock/fsl_clock_manager_common.o
 .comment       0x00000000       0x71 ./SDK/platform/osa/src/fsl_os_abstraction_bm.o
 .comment       0x00000000       0x71 ./SDK/platform/hal/src/mcg/fsl_mcg_hal.o
 .comment       0x00000000       0x71 ./SDK/platform/hal/src/lpsci/fsl_lpsci_hal.o
 .comment       0x00000000       0x71 ./SDK/platform/hal/src/i2c/fsl_i2c_hal.o
 .comment       0x00000000       0x71 ./SDK/platform/hal/src/gpio/fsl_gpio_hal.o
 .comment       0x00000000       0x71 ./SDK/platform/drivers/src/i2c/fsl_i2c_common.o
 .comment       0x00000000       0x71 ./SDK/platform/drivers/src/i2c/fsl_i2c_master_driver.o
 .comment       0x00000000       0x71 ./SDK/platform/drivers/src/i2c/fsl_i2c_shared_function.o
 .comment       0x00000000       0x71 ./SDK/platform/drivers/src/i2c/fsl_i2c_slave_driver.o
 .comment       0x00000000       0x71 ./SDK/platform/devices/MKL02Z4/startup/system_MKL02Z4.o
 .comment       0x00000000       0x71 ./SDK/platform/devices/startup.o
 .comment       0x00000000       0x71 ./Generated_Code/Cpu.o
 .comment       0x00000000       0x71 ./Generated_Code/hardware_init.o
 .comment       0x00000000       0x71 ./Generated_Code/osa1.o
 .comment       0x00000000       0x71 ./Generated_Code/pin_mux.o

.debug_frame    0x00000000     0x3064
 .debug_frame   0x00000000       0x48 ./Static_Code/System/PE_low_level_init.o
 .debug_frame   0x00000048       0x48 ./Sources/Events.o
 .debug_frame   0x00000090       0x4c ./Sources/delay.o
 .debug_frame   0x000000dc       0x4c ./Sources/gpio.o
 .debug_frame   0x00000128       0xf8 ./Sources/gps.o
 .debug_frame   0x00000220       0x8c ./Sources/i2c.o
 .debug_frame   0x000002ac       0xc8 ./Sources/main.o
 .debug_frame   0x00000374       0xf0 ./Sources/uart.o
 .debug_frame   0x00000464       0x68 ./SDK/platform/system/src/interrupt/fsl_interrupt_manager.o
 .debug_frame   0x000004cc      0x5c0 ./SDK/platform/system/src/clock/MKL02Z4/fsl_clock_MKL02Z4.o
 .debug_frame   0x00000a8c      0x264 ./SDK/platform/system/src/clock/fsl_clock_manager.o
 .debug_frame   0x00000cf0      0x4b8 ./SDK/platform/osa/src/fsl_os_abstraction_bm.o
 .debug_frame   0x000011a8      0x250 ./SDK/platform/hal/src/mcg/fsl_mcg_hal.o
 .debug_frame   0x000013f8      0x290 ./SDK/platform/hal/src/lpsci/fsl_lpsci_hal.o
 .debug_frame   0x00001688      0x2d0 ./SDK/platform/hal/src/i2c/fsl_i2c_hal.o
 .debug_frame   0x00001958       0x90 ./SDK/platform/hal/src/gpio/fsl_gpio_hal.o
 .debug_frame   0x000019e8      0x410 ./SDK/platform/drivers/src/i2c/fsl_i2c_master_driver.o
 .debug_frame   0x00001df8       0x50 ./SDK/platform/drivers/src/i2c/fsl_i2c_shared_function.o
 .debug_frame   0x00001e48      0x410 ./SDK/platform/drivers/src/i2c/fsl_i2c_slave_driver.o
 .debug_frame   0x00002258       0x4c ./SDK/platform/devices/MKL02Z4/startup/system_MKL02Z4.o
 .debug_frame   0x000022a4       0x30 ./SDK/platform/devices/startup.o
 .debug_frame   0x000022d4       0x2c ./Generated_Code/Cpu.o
 .debug_frame   0x00002300       0x4c ./Generated_Code/hardware_init.o
 .debug_frame   0x0000234c       0xd0 ./Generated_Code/osa1.o
 .debug_frame   0x0000241c      0x1b0 ./Generated_Code/pin_mux.o
 .debug_frame   0x000025cc       0x20 c:/freescale/kds_3.0.0/toolchain/bin/../lib/gcc/arm-none-eabi/4.8.4/armv6-m\libgcc.a(_udivsi3.o)
 .debug_frame   0x000025ec       0x30 c:/freescale/kds_3.0.0/toolchain/bin/../lib/gcc/arm-none-eabi/4.8.4/armv6-m\libgcc.a(_muldi3.o)
 .debug_frame   0x0000261c       0x50 c:/freescale/kds_3.0.0/toolchain/bin/../lib/gcc/arm-none-eabi/4.8.4/armv6-m\libgcc.a(bpabi.o)
 .debug_frame   0x0000266c       0x3c c:/freescale/kds_3.0.0/toolchain/bin/../lib/gcc/arm-none-eabi/4.8.4/armv6-m\libgcc.a(_divdi3.o)
 .debug_frame   0x000026a8       0x3c c:/freescale/kds_3.0.0/toolchain/bin/../lib/gcc/arm-none-eabi/4.8.4/armv6-m\libgcc.a(_udivdi3.o)
 .debug_frame   0x000026e4       0x4c c:/freescale/kds_3.0.0/toolchain/bin/../lib/gcc/arm-none-eabi/4.8.4/../../../../arm-none-eabi/lib/armv6-m\libg_s.a(lib_a-assert.o)
 .debug_frame   0x00002730       0x28 c:/freescale/kds_3.0.0/toolchain/bin/../lib/gcc/arm-none-eabi/4.8.4/../../../../arm-none-eabi/lib/armv6-m\libg_s.a(lib_a-exit.o)
 .debug_frame   0x00002758       0x4c c:/freescale/kds_3.0.0/toolchain/bin/../lib/gcc/arm-none-eabi/4.8.4/../../../../arm-none-eabi/lib/armv6-m\libg_s.a(lib_a-fprintf.o)
 .debug_frame   0x000027a4       0x2c c:/freescale/kds_3.0.0/toolchain/bin/../lib/gcc/arm-none-eabi/4.8.4/../../../../arm-none-eabi/lib/armv6-m\libg_s.a(lib_a-init.o)
 .debug_frame   0x000027d0       0x20 c:/freescale/kds_3.0.0/toolchain/bin/../lib/gcc/arm-none-eabi/4.8.4/../../../../arm-none-eabi/lib/armv6-m\libg_s.a(lib_a-memset.o)
 .debug_frame   0x000027f0       0x2c c:/freescale/kds_3.0.0/toolchain/bin/../lib/gcc/arm-none-eabi/4.8.4/../../../../arm-none-eabi/lib/armv6-m\libg_s.a(lib_a-nano-freer.o)
 .debug_frame   0x0000281c       0x2c c:/freescale/kds_3.0.0/toolchain/bin/../lib/gcc/arm-none-eabi/4.8.4/../../../../arm-none-eabi/lib/armv6-m\libg_s.a(lib_a-nano-mallocr.o)
 .debug_frame   0x00002848       0x2c c:/freescale/kds_3.0.0/toolchain/bin/../lib/gcc/arm-none-eabi/4.8.4/../../../../arm-none-eabi/lib/armv6-m\libg_s.a(lib_a-sbrkr.o)